Archive member included because of file (symbol)

libbb/lib.a(appletlib.o)      /usr/lib/gcc/i686-linux-gnu/4.6/../../../i386-linux-gnu/crt1.o (main)
libbb/lib.a(concat_path_file.o)
                              libbb/lib.a(appletlib.o) (concat_path_file)
libbb/lib.a(default_error_retval.o)
                              libbb/lib.a(appletlib.o) (xfunc_error_retval)
libbb/lib.a(get_last_path_component.o)
                              libbb/lib.a(appletlib.o) (bb_basename)
libbb/lib.a(last_char_is.o)   libbb/lib.a(concat_path_file.o) (last_char_is)
libbb/lib.a(llist.o)          libbb/lib.a(appletlib.o) (llist_free)
libbb/lib.a(messages.o)       libbb/lib.a(appletlib.o) (bb_busybox_exec_path)
libbb/lib.a(perror_msg.o)     libbb/lib.a(appletlib.o) (bb_perror_msg_and_die)
libbb/lib.a(ptr_to_globals.o)
                              libbb/lib.a(appletlib.o) (bb_errno)
libbb/lib.a(skip_whitespace.o)
                              libbb/lib.a(appletlib.o) (skip_whitespace)
libbb/lib.a(verror_msg.o)     libbb/lib.a(perror_msg.o) (bb_verror_msg)
libbb/lib.a(wfopen.o)         libbb/lib.a(appletlib.o) (fopen_for_read)
libbb/lib.a(xfunc_die.o)      libbb/lib.a(appletlib.o) (xfunc_die)
libbb/lib.a(xfuncs.o)         libbb/lib.a(appletlib.o) (full_write2_str)
libbb/lib.a(xfuncs_printf.o)  libbb/lib.a(appletlib.o) (malloc_or_warn)
libbb/lib.a(xreadlink.o)      libbb/lib.a(appletlib.o) (xmalloc_readlink)
libbb/lib.a(copyfd.o)         libbb/lib.a(xfuncs_printf.o) (bb_copyfd_eof)
libbb/lib.a(full_write.o)     libbb/lib.a(verror_msg.o) (full_write)
libbb/lib.a(read.o)           libbb/lib.a(copyfd.o) (safe_read)
libbb/lib.a(safe_write.o)     libbb/lib.a(full_write.o) (safe_write)
libbb/lib.a(time.o)           libbb/lib.a(xfuncs_printf.o) (monotonic_us)
libbb/lib.a(bb_strtonum.o)    libbb/lib.a(time.o) (bb_strtol)
libpwdgrp/lib.a(uidgid_get.o)
                              libbb/lib.a(appletlib.o) (get_uidgid)
loginutils/lib.a(su.o)        libbb/lib.a(appletlib.o) (su_main)
modutils/lib.a(insmod.o)      libbb/lib.a(appletlib.o) (insmod_main)
modutils/lib.a(lsmod.o)       libbb/lib.a(appletlib.o) (lsmod_main)
modutils/lib.a(modutils.o)    modutils/lib.a(insmod.o) (parse_cmdline_module_options)
modutils/lib.a(rmmod.o)       libbb/lib.a(appletlib.o) (rmmod_main)
networking/lib.a(ping.o)      libbb/lib.a(appletlib.o) (ping_main)
networking/lib.a(tracebox.o)  libbb/lib.a(appletlib.o) (tracebox_main)
networking/lib.a(traceroute.o)
                              libbb/lib.a(appletlib.o) (traceroute_main)
networking/lib.a(whois.o)     libbb/lib.a(appletlib.o) (whois_main)
archival/libarchive/lib.a(decompress_bunzip2.o)
                              libbb/lib.a(appletlib.o) (read_bunzip)
archival/libarchive/lib.a(open_transformer.o)
                              archival/libarchive/lib.a(decompress_bunzip2.o) (check_signature16)
coreutils/lib.a(whoami.o)     libbb/lib.a(appletlib.o) (whoami_main)
libbb/lib.a(bb_pwd.o)         loginutils/lib.a(su.o) (xgetpwnam)
libbb/lib.a(change_identity.o)
                              loginutils/lib.a(su.o) (change_identity)
libbb/lib.a(correct_password.o)
                              loginutils/lib.a(su.o) (ask_and_check_password)
libbb/lib.a(crc32.o)          archival/libarchive/lib.a(decompress_bunzip2.o) (crc32_filltable)
libbb/lib.a(getopt32.o)       loginutils/lib.a(su.o) (getopt32)
libbb/lib.a(inet_cksum.o)     networking/lib.a(ping.o) (inet_cksum)
libbb/lib.a(info_msg.o)       networking/lib.a(traceroute.o) (bb_info_msg)
libbb/lib.a(nuke_str.o)       libbb/lib.a(correct_password.o) (nuke_str)
libbb/lib.a(parse_config.o)   modutils/lib.a(lsmod.o) (config_open)
libbb/lib.a(pw_encrypt.o)     libbb/lib.a(correct_password.o) (pw_encrypt)
libbb/lib.a(read_printf.o)    archival/libarchive/lib.a(open_transformer.o) (xmalloc_read)
libbb/lib.a(run_shell.o)      loginutils/lib.a(su.o) (run_shell)
libbb/lib.a(safe_poll.o)      networking/lib.a(tracebox.o) (safe_poll)
libbb/lib.a(safe_strncpy.o)   libpwdgrp/lib.a(uidgid_get.o) (safe_strncpy)
libbb/lib.a(setup_environment.o)
                              loginutils/lib.a(su.o) (setup_environment)
libbb/lib.a(signals.o)        archival/libarchive/lib.a(open_transformer.o) (bb_got_signal)
libbb/lib.a(udp_io.o)         networking/lib.a(tracebox.o) (recv_from_to)
libbb/lib.a(unicode.o)        modutils/lib.a(lsmod.o) (unicode_conv_to_printable)
libbb/lib.a(vfork_daemon_rexec.o)
                              networking/lib.a(tracebox.o) (bb_sanitize_stdio)
libbb/lib.a(wfopen_input.o)   libbb/lib.a(parse_config.o) (fopen_or_warn_stdin)
libbb/lib.a(xatonum.o)        networking/lib.a(traceroute.o) (xatoul_range)
libbb/lib.a(xconnect.o)       networking/lib.a(ping.o) (setsockopt_broadcast)
libbb/lib.a(bb_askpass.o)     libbb/lib.a(correct_password.o) (bb_ask)
libbb/lib.a(printable_string.o)
                              libbb/lib.a(unicode.o) (printable_string)
/usr/lib/gcc/i686-linux-gnu/4.6/../../../i386-linux-gnu/libcrypt.a(crypt-entry.o)
[...]
Memory Configuration

Name             Origin             Length             Attributes
*default*        0x0000000000000000 0xffffffffffffffff

Linker script and memory map

LOAD /usr/lib/gcc/i686-linux-gnu/4.6/../../../i386-linux-gnu/crt1.o
LOAD /usr/lib/gcc/i686-linux-gnu/4.6/../../../i386-linux-gnu/crti.o
LOAD /usr/lib/gcc/i686-linux-gnu/4.6/crtbeginT.o
START GROUP
LOAD applets/built-in.o
LOAD archival/lib.a
LOAD archival/libarchive/lib.a
LOAD console-tools/lib.a
LOAD coreutils/lib.a
LOAD coreutils/libcoreutils/lib.a
LOAD debianutils/lib.a
LOAD e2fsprogs/lib.a
LOAD editors/lib.a
LOAD findutils/lib.a
LOAD init/lib.a
LOAD libbb/lib.a
LOAD libpwdgrp/lib.a
LOAD loginutils/lib.a
LOAD mailutils/lib.a
LOAD miscutils/lib.a
LOAD modutils/lib.a
LOAD networking/lib.a
LOAD networking/libiproute/lib.a
LOAD networking/udhcp/lib.a
LOAD printutils/lib.a
LOAD procps/lib.a
LOAD runit/lib.a
LOAD selinux/lib.a
LOAD shell/lib.a
LOAD sysklogd/lib.a
LOAD util-linux/lib.a
LOAD util-linux/volume_id/lib.a
LOAD archival/built-in.o
LOAD archival/libarchive/built-in.o
LOAD console-tools/built-in.o
LOAD coreutils/built-in.o
LOAD coreutils/libcoreutils/built-in.o
LOAD debianutils/built-in.o
LOAD e2fsprogs/built-in.o
LOAD editors/built-in.o
LOAD findutils/built-in.o
LOAD init/built-in.o
LOAD libbb/built-in.o
LOAD libpwdgrp/built-in.o
LOAD loginutils/built-in.o
LOAD mailutils/built-in.o
LOAD miscutils/built-in.o
LOAD modutils/built-in.o
LOAD networking/built-in.o
LOAD networking/libiproute/built-in.o
LOAD networking/udhcp/built-in.o
LOAD printutils/built-in.o
LOAD procps/built-in.o
LOAD runit/built-in.o
LOAD selinux/built-in.o
LOAD shell/built-in.o
LOAD sysklogd/built-in.o
LOAD util-linux/built-in.o
LOAD util-linux/volume_id/built-in.o
END GROUP
START GROUP
LOAD /usr/lib/gcc/i686-linux-gnu/4.6/../../../i386-linux-gnu/libcrypt.a
END GROUP
START GROUP
LOAD /usr/lib/gcc/i686-linux-gnu/4.6/libgcc.a
LOAD /usr/lib/gcc/i686-linux-gnu/4.6/libgcc_eh.a
LOAD /usr/lib/gcc/i686-linux-gnu/4.6/../../../i386-linux-gnu/libc.a
END GROUP
LOAD /usr/lib/gcc/i686-linux-gnu/4.6/crtend.o
LOAD /usr/lib/gcc/i686-linux-gnu/4.6/../../../i386-linux-gnu/crtn.o
                0x0000000008048000                PROVIDE (__executable_start, 0x8048000)
                0x00000000080480f4                . = (0x8048000 + SIZEOF_HEADERS)

.interp
 *(SORT(.interp))

.note.ABI-tag   0x00000000080480f4       0x20
 .note.ABI-tag  0x00000000080480f4       0x20 /usr/lib/gcc/i686-linux-gnu/4.6/../../../i386-linux-gnu/crt1.o

.note.gnu.build-id
                0x0000000008048114       0x24
 *(SORT(.note.gnu.build-id))
 .note.gnu.build-id
                0x0000000008048114       0x24 /usr/lib/gcc/i686-linux-gnu/4.6/../../../i386-linux-gnu/crt1.o

.hash
 *(SORT(.hash))

.gnu.hash
 *(SORT(.gnu.hash))

.dynsym
 *(SORT(.dynsym))

.dynstr
 *(SORT(.dynstr))

.gnu.version
 *(SORT(.gnu.version))

.gnu.version_d
 *(SORT(.gnu.version_d))

.gnu.version_r
 *(SORT(.gnu.version_r))

.rel.dyn        0x0000000008048138        0x0
 *(SORT(.rel.init))
 *(SORT(.rel.text) SORT(.rel.text.*) SORT(.rel.gnu.linkonce.t.*))
 .rel.text      0x0000000000000000        0x0 /usr/lib/gcc/i686-linux-gnu/4.6/../../../i386-linux-gnu/crt1.o
 .rel.text.get_trimmed_slice
                0x0000000000000000        0x0 /usr/lib/gcc/i686-linux-gnu/4.6/../../../i386-linux-gnu/crt1.o
 .rel.text.applet_name_compare
                0x0000000000000000        0x0 /usr/lib/gcc/i686-linux-gnu/4.6/../../../i386-linux-gnu/crt1.o
 .rel.text.find_applet_by_name
                0x0000000000000000        0x0 /usr/lib/gcc/i686-linux-gnu/4.6/../../../i386-linux-gnu/crt1.o
 .rel.text.parse_config_file
                0x0000000000000000        0x0 /usr/lib/gcc/i686-linux-gnu/4.6/../../../i386-linux-gnu/crt1.o
 .rel.text.bb_show_usage
                0x0000000000000000        0x0 /usr/lib/gcc/i686-linux-gnu/4.6/../../../i386-linux-gnu/crt1.o
 .rel.text.lbb_prepare
                0x0000000000000000        0x0 /usr/lib/gcc/i686-linux-gnu/4.6/../../../i386-linux-gnu/crt1.o
 .rel.text.run_applet_no_and_exit
                0x0000000000000000        0x0 /usr/lib/gcc/i686-linux-gnu/4.6/../../../i386-linux-gnu/crt1.o
 .rel.text.run_applet_and_exit
                0x0000000000000000        0x0 /usr/lib/gcc/i686-linux-gnu/4.6/../../../i386-linux-gnu/crt1.o
 .rel.text.main
                0x0000000000000000        0x0 /usr/lib/gcc/i686-linux-gnu/4.6/../../../i386-linux-gnu/crt1.o
 .rel.text.concat_path_file
                0x0000000000000000        0x0 /usr/lib/gcc/i686-linux-gnu/4.6/../../../i386-linux-gnu/crt1.o
 .rel.text.bb_basename
                0x0000000000000000        0x0 /usr/lib/gcc/i686-linux-gnu/4.6/../../../i386-linux-gnu/crt1.o
 .rel.text.bb_get_last_path_component_nostrip
                0x0000000000000000        0x0 /usr/lib/gcc/i686-linux-gnu/4.6/../../../i386-linux-gnu/crt1.o
 .rel.text.bb_get_last_path_component_strip
                0x0000000000000000        0x0 /usr/lib/gcc/i686-linux-gnu/4.6/../../../i386-linux-gnu/crt1.o
 .rel.text.last_char_is
                0x0000000000000000        0x0 /usr/lib/gcc/i686-linux-gnu/4.6/../../../i386-linux-gnu/crt1.o
 .rel.text.llist_add_to
                0x0000000000000000        0x0 /usr/lib/gcc/i686-linux-gnu/4.6/../../../i386-linux-gnu/crt1.o
 .rel.text.llist_add_to_end
                0x0000000000000000        0x0 /usr/lib/gcc/i686-linux-gnu/4.6/../../../i386-linux-gnu/crt1.o
 .rel.text.llist_pop
                0x0000000000000000        0x0 /usr/lib/gcc/i686-linux-gnu/4.6/../../../i386-linux-gnu/crt1.o
 .rel.text.llist_find_str
                0x0000000000000000        0x0 /usr/lib/gcc/i686-linux-gnu/4.6/../../../i386-linux-gnu/crt1.o
 .rel.text.bb_perror_msg
                0x0000000000000000        0x0 /usr/lib/gcc/i686-linux-gnu/4.6/../../../i386-linux-gnu/crt1.o
 .rel.text.bb_perror_msg_and_die
                0x0000000000000000        0x0 /usr/lib/gcc/i686-linux-gnu/4.6/../../../i386-linux-gnu/crt1.o
 .rel.text.skip_dev_pfx
                0x0000000000000000        0x0 /usr/lib/gcc/i686-linux-gnu/4.6/../../../i386-linux-gnu/crt1.o
 .rel.text.bb_verror_msg
                0x0000000000000000        0x0 /usr/lib/gcc/i686-linux-gnu/4.6/../../../i386-linux-gnu/crt1.o
 .rel.text.bb_error_msg_and_die
                0x0000000000000000        0x0 /usr/lib/gcc/i686-linux-gnu/4.6/../../../i386-linux-gnu/crt1.o
 .rel.text.xfdopen_helper
                0x0000000000000000        0x0 /usr/lib/gcc/i686-linux-gnu/4.6/../../../i386-linux-gnu/crt1.o
 .rel.text.fopen_or_warn
                0x0000000000000000        0x0 /usr/lib/gcc/i686-linux-gnu/4.6/../../../i386-linux-gnu/crt1.o
 .rel.text.fopen_for_read
                0x0000000000000000        0x0 /usr/lib/gcc/i686-linux-gnu/4.6/../../../i386-linux-gnu/crt1.o
 .rel.text.xfopen_for_read
                0x0000000000000000        0x0 /usr/lib/gcc/i686-linux-gnu/4.6/../../../i386-linux-gnu/crt1.o
 .rel.text.fopen_for_write
                0x0000000000000000        0x0 /usr/lib/gcc/i686-linux-gnu/4.6/../../../i386-linux-gnu/crt1.o
 .rel.text.xfopen_for_write
                0x0000000000000000        0x0 /usr/lib/gcc/i686-linux-gnu/4.6/../../../i386-linux-gnu/crt1.o
 .rel.text.xfunc_die
                0x0000000000000000        0x0 /usr/lib/gcc/i686-linux-gnu/4.6/../../../i386-linux-gnu/crt1.o
 .rel.text.wh_helper
                0x0000000000000000        0x0 /usr/lib/gcc/i686-linux-gnu/4.6/../../../i386-linux-gnu/crt1.o
 .rel.text.ndelay_on
                0x0000000000000000        0x0 /usr/lib/gcc/i686-linux-gnu/4.6/../../../i386-linux-gnu/crt1.o
 .rel.text.ndelay_off
                0x0000000000000000        0x0 /usr/lib/gcc/i686-linux-gnu/4.6/../../../i386-linux-gnu/crt1.o
 .rel.text.close_on_exec_on
                0x0000000000000000        0x0 /usr/lib/gcc/i686-linux-gnu/4.6/../../../i386-linux-gnu/crt1.o
 .rel.text.strncpy_IFNAMSIZ
                0x0000000000000000        0x0 /usr/lib/gcc/i686-linux-gnu/4.6/../../../i386-linux-gnu/crt1.o
 .rel.text.hex2bin
                0x0000000000000000        0x0 /usr/lib/gcc/i686-linux-gnu/4.6/../../../i386-linux-gnu/crt1.o
 .rel.text.bb_putchar_stderr
                0x0000000000000000        0x0 /usr/lib/gcc/i686-linux-gnu/4.6/../../../i386-linux-gnu/crt1.o
 .rel.text.full_write1_str
                0x0000000000000000        0x0 /usr/lib/gcc/i686-linux-gnu/4.6/../../../i386-linux-gnu/crt1.o
 .rel.text.full_write2_str
                0x0000000000000000        0x0 /usr/lib/gcc/i686-linux-gnu/4.6/../../../i386-linux-gnu/crt1.o
 .rel.text.get_terminal_width_height
                0x0000000000000000        0x0 /usr/lib/gcc/i686-linux-gnu/4.6/../../../i386-linux-gnu/crt1.o
 .rel.text.tcsetattr_stdin_TCSANOW
                0x0000000000000000        0x0 /usr/lib/gcc/i686-linux-gnu/4.6/../../../i386-linux-gnu/crt1.o
 .rel.text.safe_waitpid
                0x0000000000000000        0x0 /usr/lib/gcc/i686-linux-gnu/4.6/../../../i386-linux-gnu/crt1.o
 .rel.text.malloc_or_warn
                0x0000000000000000        0x0 /usr/lib/gcc/i686-linux-gnu/4.6/../../../i386-linux-gnu/crt1.o
 .rel.text.xmalloc
                0x0000000000000000        0x0 /usr/lib/gcc/i686-linux-gnu/4.6/../../../i386-linux-gnu/crt1.o
 .rel.text.xrealloc
                0x0000000000000000        0x0 /usr/lib/gcc/i686-linux-gnu/4.6/../../../i386-linux-gnu/crt1.o
 .rel.text.xstrdup
                0x0000000000000000        0x0 /usr/lib/gcc/i686-linux-gnu/4.6/../../../i386-linux-gnu/crt1.o
 .rel.text.xfopen
                0x0000000000000000        0x0 /usr/lib/gcc/i686-linux-gnu/4.6/../../../i386-linux-gnu/crt1.o
 .rel.text.xopen3
                0x0000000000000000        0x0 /usr/lib/gcc/i686-linux-gnu/4.6/../../../i386-linux-gnu/crt1.o
 .rel.text.open3_or_warn
                0x0000000000000000        0x0 /usr/lib/gcc/i686-linux-gnu/4.6/../../../i386-linux-gnu/crt1.o
 .rel.text.xunlink
                0x0000000000000000        0x0 /usr/lib/gcc/i686-linux-gnu/4.6/../../../i386-linux-gnu/crt1.o
 .rel.text.xrename
                0x0000000000000000        0x0 /usr/lib/gcc/i686-linux-gnu/4.6/../../../i386-linux-gnu/crt1.o
 .rel.text.rename_or_warn
                0x0000000000000000        0x0 /usr/lib/gcc/i686-linux-gnu/4.6/../../../i386-linux-gnu/crt1.o
 .rel.text.xpipe
                0x0000000000000000        0x0 /usr/lib/gcc/i686-linux-gnu/4.6/../../../i386-linux-gnu/crt1.o
 .rel.text.xdup2
                0x0000000000000000        0x0 /usr/lib/gcc/i686-linux-gnu/4.6/../../../i386-linux-gnu/crt1.o
 .rel.text.xmove_fd
                0x0000000000000000        0x0 /usr/lib/gcc/i686-linux-gnu/4.6/../../../i386-linux-gnu/crt1.o
 .rel.text.xwrite
                0x0000000000000000        0x0 /usr/lib/gcc/i686-linux-gnu/4.6/../../../i386-linux-gnu/crt1.o
 .rel.text.xwrite_str
                0x0000000000000000        0x0 /usr/lib/gcc/i686-linux-gnu/4.6/../../../i386-linux-gnu/crt1.o
 .rel.text.xclose
                0x0000000000000000        0x0 /usr/lib/gcc/i686-linux-gnu/4.6/../../../i386-linux-gnu/crt1.o
 .rel.text.xlseek
                0x0000000000000000        0x0 /usr/lib/gcc/i686-linux-gnu/4.6/../../../i386-linux-gnu/crt1.o
 .rel.text.xmkstemp
                0x0000000000000000        0x0 /usr/lib/gcc/i686-linux-gnu/4.6/../../../i386-linux-gnu/crt1.o
 .rel.text.die_if_ferror
                0x0000000000000000        0x0 /usr/lib/gcc/i686-linux-gnu/4.6/../../../i386-linux-gnu/crt1.o
 .rel.text.die_if_ferror_stdout
                0x0000000000000000        0x0 /usr/lib/gcc/i686-linux-gnu/4.6/../../../i386-linux-gnu/crt1.o
 .rel.text.fflush_all
                0x0000000000000000        0x0 /usr/lib/gcc/i686-linux-gnu/4.6/../../../i386-linux-gnu/crt1.o
 .rel.text.bb_putchar
                0x0000000000000000        0x0 /usr/lib/gcc/i686-linux-gnu/4.6/../../../i386-linux-gnu/crt1.o
 .rel.text.xprint_and_close_file
                0x0000000000000000        0x0 /usr/lib/gcc/i686-linux-gnu/4.6/../../../i386-linux-gnu/crt1.o
 .rel.text.xasprintf
                0x0000000000000000        0x0 /usr/lib/gcc/i686-linux-gnu/4.6/../../../i386-linux-gnu/crt1.o
 .rel.text.xsetenv
                0x0000000000000000        0x0 /usr/lib/gcc/i686-linux-gnu/4.6/../../../i386-linux-gnu/crt1.o
 .rel.text.bb_unsetenv
                0x0000000000000000        0x0 /usr/lib/gcc/i686-linux-gnu/4.6/../../../i386-linux-gnu/crt1.o
 .rel.text.bb_unsetenv_and_free
                0x0000000000000000        0x0 /usr/lib/gcc/i686-linux-gnu/4.6/../../../i386-linux-gnu/crt1.o
 .rel.text.xsetgid
                0x0000000000000000        0x0 /usr/lib/gcc/i686-linux-gnu/4.6/../../../i386-linux-gnu/crt1.o
 .rel.text.xsetuid
                0x0000000000000000        0x0 /usr/lib/gcc/i686-linux-gnu/4.6/../../../i386-linux-gnu/crt1.o
 .rel.text.xsetegid
                0x0000000000000000        0x0 /usr/lib/gcc/i686-linux-gnu/4.6/../../../i386-linux-gnu/crt1.o
 .rel.text.xseteuid
                0x0000000000000000        0x0 /usr/lib/gcc/i686-linux-gnu/4.6/../../../i386-linux-gnu/crt1.o
 .rel.text.xopen_as_uid_gid
                0x0000000000000000        0x0 /usr/lib/gcc/i686-linux-gnu/4.6/../../../i386-linux-gnu/crt1.o
 .rel.text.xchdir
                0x0000000000000000        0x0 /usr/lib/gcc/i686-linux-gnu/4.6/../../../i386-linux-gnu/crt1.o
 .rel.text.xchroot
                0x0000000000000000        0x0 /usr/lib/gcc/i686-linux-gnu/4.6/../../../i386-linux-gnu/crt1.o
 .rel.text.warn_opendir
                0x0000000000000000        0x0 /usr/lib/gcc/i686-linux-gnu/4.6/../../../i386-linux-gnu/crt1.o
 .rel.text.xopendir
                0x0000000000000000        0x0 /usr/lib/gcc/i686-linux-gnu/4.6/../../../i386-linux-gnu/crt1.o
 .rel.text.xsocket
                0x0000000000000000        0x0 /usr/lib/gcc/i686-linux-gnu/4.6/../../../i386-linux-gnu/crt1.o
 .rel.text.xbind
                0x0000000000000000        0x0 /usr/lib/gcc/i686-linux-gnu/4.6/../../../i386-linux-gnu/crt1.o
 .rel.text.xlisten
                0x0000000000000000        0x0 /usr/lib/gcc/i686-linux-gnu/4.6/../../../i386-linux-gnu/crt1.o
 .rel.text.xsendto
                0x0000000000000000        0x0 /usr/lib/gcc/i686-linux-gnu/4.6/../../../i386-linux-gnu/crt1.o
 .rel.text.xstat
                0x0000000000000000        0x0 /usr/lib/gcc/i686-linux-gnu/4.6/../../../i386-linux-gnu/crt1.o
 .rel.text.xfstat
                0x0000000000000000        0x0 /usr/lib/gcc/i686-linux-gnu/4.6/../../../i386-linux-gnu/crt1.o
 .rel.text.ioctl_or_perror_and_die
                0x0000000000000000        0x0 /usr/lib/gcc/i686-linux-gnu/4.6/../../../i386-linux-gnu/crt1.o
 .rel.text.ioctl_or_perror
                0x0000000000000000        0x0 /usr/lib/gcc/i686-linux-gnu/4.6/../../../i386-linux-gnu/crt1.o
 .rel.text.bb_ioctl_or_warn
                0x0000000000000000        0x0 /usr/lib/gcc/i686-linux-gnu/4.6/../../../i386-linux-gnu/crt1.o
 .rel.text.bb_xioctl
                0x0000000000000000        0x0 /usr/lib/gcc/i686-linux-gnu/4.6/../../../i386-linux-gnu/crt1.o
 .rel.text.xmalloc_ttyname
                0x0000000000000000        0x0 /usr/lib/gcc/i686-linux-gnu/4.6/../../../i386-linux-gnu/crt1.o
 .rel.text.generate_uuid
                0x0000000000000000        0x0 /usr/lib/gcc/i686-linux-gnu/4.6/../../../i386-linux-gnu/crt1.o
 .rel.text.xfork
                0x0000000000000000        0x0 /usr/lib/gcc/i686-linux-gnu/4.6/../../../i386-linux-gnu/crt1.o
 .rel.text.xmalloc_readlink
                0x0000000000000000        0x0 /usr/lib/gcc/i686-linux-gnu/4.6/../../../i386-linux-gnu/crt1.o
 .rel.text.xmalloc_follow_symlinks
                0x0000000000000000        0x0 /usr/lib/gcc/i686-linux-gnu/4.6/../../../i386-linux-gnu/crt1.o
 .rel.text.xmalloc_readlink_or_warn
                0x0000000000000000        0x0 /usr/lib/gcc/i686-linux-gnu/4.6/../../../i386-linux-gnu/crt1.o
 .rel.text.xmalloc_realpath
                0x0000000000000000        0x0 /usr/lib/gcc/i686-linux-gnu/4.6/../../../i386-linux-gnu/crt1.o
 .rel.text.bb_full_fd_action
                0x0000000000000000        0x0 /usr/lib/gcc/i686-linux-gnu/4.6/../../../i386-linux-gnu/crt1.o
 .rel.text.full_write
                0x0000000000000000        0x0 /usr/lib/gcc/i686-linux-gnu/4.6/../../../i386-linux-gnu/crt1.o
 .rel.text.safe_read
                0x0000000000000000        0x0 /usr/lib/gcc/i686-linux-gnu/4.6/../../../i386-linux-gnu/crt1.o
 .rel.text.read_close
                0x0000000000000000        0x0 /usr/lib/gcc/i686-linux-gnu/4.6/../../../i386-linux-gnu/crt1.o
 .rel.text.open_read_close
                0x0000000000000000        0x0 /usr/lib/gcc/i686-linux-gnu/4.6/../../../i386-linux-gnu/crt1.o
 .rel.text.safe_write
                0x0000000000000000        0x0 /usr/lib/gcc/i686-linux-gnu/4.6/../../../i386-linux-gnu/crt1.o
 .rel.text.strftime_fmt
                0x0000000000000000        0x0 /usr/lib/gcc/i686-linux-gnu/4.6/../../../i386-linux-gnu/crt1.o
 .rel.text.parse_datestr
                0x0000000000000000        0x0 /usr/lib/gcc/i686-linux-gnu/4.6/../../../i386-linux-gnu/crt1.o
 .rel.text.validate_tm_time
                0x0000000000000000        0x0 /usr/lib/gcc/i686-linux-gnu/4.6/../../../i386-linux-gnu/crt1.o
 .rel.text.monotonic_ns
                0x0000000000000000        0x0 /usr/lib/gcc/i686-linux-gnu/4.6/../../../i386-linux-gnu/crt1.o
 .rel.text.monotonic_us
                0x0000000000000000        0x0 /usr/lib/gcc/i686-linux-gnu/4.6/../../../i386-linux-gnu/crt1.o
 .rel.text.monotonic_ms
                0x0000000000000000        0x0 /usr/lib/gcc/i686-linux-gnu/4.6/../../../i386-linux-gnu/crt1.o
 .rel.text.monotonic_sec
                0x0000000000000000        0x0 /usr/lib/gcc/i686-linux-gnu/4.6/../../../i386-linux-gnu/crt1.o
 .rel.text.ret_ERANGE
                0x0000000000000000        0x0 /usr/lib/gcc/i686-linux-gnu/4.6/../../../i386-linux-gnu/crt1.o
 .rel.text.handle_errors
                0x0000000000000000        0x0 /usr/lib/gcc/i686-linux-gnu/4.6/../../../i386-linux-gnu/crt1.o
 .rel.text.bb_strtoull
                0x0000000000000000        0x0 /usr/lib/gcc/i686-linux-gnu/4.6/../../../i386-linux-gnu/crt1.o
 .rel.text.bb_strtoll
                0x0000000000000000        0x0 /usr/lib/gcc/i686-linux-gnu/4.6/../../../i386-linux-gnu/crt1.o
 .rel.text.bb_strtoul
                0x0000000000000000        0x0 /usr/lib/gcc/i686-linux-gnu/4.6/../../../i386-linux-gnu/crt1.o
 .rel.text.bb_strtol
                0x0000000000000000        0x0 /usr/lib/gcc/i686-linux-gnu/4.6/../../../i386-linux-gnu/crt1.o
 .rel.text.get_uidgid
                0x0000000000000000        0x0 /usr/lib/gcc/i686-linux-gnu/4.6/../../../i386-linux-gnu/crt1.o
 .rel.text.parse_chown_usergroup_or_die
                0x0000000000000000        0x0 /usr/lib/gcc/i686-linux-gnu/4.6/../../../i386-linux-gnu/crt1.o
 .rel.text.su_main
                0x0000000000000000        0x0 /usr/lib/gcc/i686-linux-gnu/4.6/../../../i386-linux-gnu/crt1.o
 .rel.text.insmod_main
                0x0000000000000000        0x0 /usr/lib/gcc/i686-linux-gnu/4.6/../../../i386-linux-gnu/crt1.o
 .rel.text.lsmod_main
                0x0000000000000000        0x0 /usr/lib/gcc/i686-linux-gnu/4.6/../../../i386-linux-gnu/crt1.o
 .rel.text.string_to_llist
                0x0000000000000000        0x0 /usr/lib/gcc/i686-linux-gnu/4.6/../../../i386-linux-gnu/crt1.o
 .rel.text.parse_cmdline_module_options
                0x0000000000000000        0x0 /usr/lib/gcc/i686-linux-gnu/4.6/../../../i386-linux-gnu/crt1.o
 .rel.text.bb_init_module
                0x0000000000000000        0x0 /usr/lib/gcc/i686-linux-gnu/4.6/../../../i386-linux-gnu/crt1.o
 .rel.text.bb_delete_module
                0x0000000000000000        0x0 /usr/lib/gcc/i686-linux-gnu/4.6/../../../i386-linux-gnu/crt1.o
 .rel.text.moderror
                0x0000000000000000        0x0 /usr/lib/gcc/i686-linux-gnu/4.6/../../../i386-linux-gnu/crt1.o
 .rel.text.rmmod_main
                0x0000000000000000        0x0 /usr/lib/gcc/i686-linux-gnu/4.6/../../../i386-linux-gnu/crt1.o
 .rel.text.print_stats_and_exit
                0x0000000000000000        0x0 /usr/lib/gcc/i686-linux-gnu/4.6/../../../i386-linux-gnu/crt1.o
 .rel.text.sendping4
                0x0000000000000000        0x0 /usr/lib/gcc/i686-linux-gnu/4.6/../../../i386-linux-gnu/crt1.o
 .rel.text.ping_main
                0x0000000000000000        0x0 /usr/lib/gcc/i686-linux-gnu/4.6/../../../i386-linux-gnu/crt1.o
 .rel.text.send_probe
                0x0000000000000000        0x0 /usr/lib/gcc/i686-linux-gnu/4.6/../../../i386-linux-gnu/crt1.o
 .rel.text.tracebox_main
                0x0000000000000000        0x0 /usr/lib/gcc/i686-linux-gnu/4.6/../../../i386-linux-gnu/crt1.o
 .rel.text.traceroute_main
                0x0000000000000000        0x0 /usr/lib/gcc/i686-linux-gnu/4.6/../../../i386-linux-gnu/crt1.o
 .rel.text.pipe_out
                0x0000000000000000        0x0 /usr/lib/gcc/i686-linux-gnu/4.6/../../../i386-linux-gnu/crt1.o
 .rel.text.whois_main
                0x0000000000000000        0x0 /usr/lib/gcc/i686-linux-gnu/4.6/../../../i386-linux-gnu/crt1.o
 .rel.text.get_bits
                0x0000000000000000        0x0 /usr/lib/gcc/i686-linux-gnu/4.6/../../../i386-linux-gnu/crt1.o
 .rel.text.get_next_block
                0x0000000000000000        0x0 /usr/lib/gcc/i686-linux-gnu/4.6/../../../i386-linux-gnu/crt1.o
 .rel.text.start_bunzip
                0x0000000000000000        0x0 /usr/lib/gcc/i686-linux-gnu/4.6/../../../i386-linux-gnu/crt1.o
 .rel.text.dealloc_bunzip
                0x0000000000000000        0x0 /usr/lib/gcc/i686-linux-gnu/4.6/../../../i386-linux-gnu/crt1.o
 .rel.text.unpack_bz2_stream
                0x0000000000000000        0x0 /usr/lib/gcc/i686-linux-gnu/4.6/../../../i386-linux-gnu/crt1.o
 .rel.text.check_errors_in_children
                0x0000000000000000        0x0 /usr/lib/gcc/i686-linux-gnu/4.6/../../../i386-linux-gnu/crt1.o
 .rel.text.open_transformer
                0x0000000000000000        0x0 /usr/lib/gcc/i686-linux-gnu/4.6/../../../i386-linux-gnu/crt1.o
 .rel.text.xmalloc_open_zipped_read_close
                0x0000000000000000        0x0 /usr/lib/gcc/i686-linux-gnu/4.6/../../../i386-linux-gnu/crt1.o
 .rel.text.whoami_main
                0x0000000000000000        0x0 /usr/lib/gcc/i686-linux-gnu/4.6/../../../i386-linux-gnu/crt1.o
 .rel.text.xgetpwnam
                0x0000000000000000        0x0 /usr/lib/gcc/i686-linux-gnu/4.6/../../../i386-linux-gnu/crt1.o
 .rel.text.xgetgrnam
                0x0000000000000000        0x0 /usr/lib/gcc/i686-linux-gnu/4.6/../../../i386-linux-gnu/crt1.o
 .rel.text.xgetpwuid
                0x0000000000000000        0x0 /usr/lib/gcc/i686-linux-gnu/4.6/../../../i386-linux-gnu/crt1.o
 .rel.text.xgetgrgid
                0x0000000000000000        0x0 /usr/lib/gcc/i686-linux-gnu/4.6/../../../i386-linux-gnu/crt1.o
 .rel.text.uid2uname
                0x0000000000000000        0x0 /usr/lib/gcc/i686-linux-gnu/4.6/../../../i386-linux-gnu/crt1.o
 .rel.text.gid2group
                0x0000000000000000        0x0 /usr/lib/gcc/i686-linux-gnu/4.6/../../../i386-linux-gnu/crt1.o
 .rel.text.get_ug_id
                0x0000000000000000        0x0 /usr/lib/gcc/i686-linux-gnu/4.6/../../../i386-linux-gnu/crt1.o
 .rel.text.change_identity
                0x0000000000000000        0x0 /usr/lib/gcc/i686-linux-gnu/4.6/../../../i386-linux-gnu/crt1.o
 .rel.text.ask_and_check_password_extended
                0x0000000000000000        0x0 /usr/lib/gcc/i686-linux-gnu/4.6/../../../i386-linux-gnu/crt1.o
 .rel.text.getopt32
                0x0000000000000000        0x0 /usr/lib/gcc/i686-linux-gnu/4.6/../../../i386-linux-gnu/crt1.o
 .rel.text.bb_info_msg
                0x0000000000000000        0x0 /usr/lib/gcc/i686-linux-gnu/4.6/../../../i386-linux-gnu/crt1.o
 .rel.text.config_open
                0x0000000000000000        0x0 /usr/lib/gcc/i686-linux-gnu/4.6/../../../i386-linux-gnu/crt1.o
 .rel.text.config_close
                0x0000000000000000        0x0 /usr/lib/gcc/i686-linux-gnu/4.6/../../../i386-linux-gnu/crt1.o
 .rel.text.config_read
                0x0000000000000000        0x0 /usr/lib/gcc/i686-linux-gnu/4.6/../../../i386-linux-gnu/crt1.o
 .rel.text.crypt_make_salt
                0x0000000000000000        0x0 /usr/lib/gcc/i686-linux-gnu/4.6/../../../i386-linux-gnu/crt1.o
 .rel.text.crypt_make_pw_salt
                0x0000000000000000        0x0 /usr/lib/gcc/i686-linux-gnu/4.6/../../../i386-linux-gnu/crt1.o
 .rel.text.pw_encrypt
                0x0000000000000000        0x0 /usr/lib/gcc/i686-linux-gnu/4.6/../../../i386-linux-gnu/crt1.o
 .rel.text.nonblock_immune_read
                0x0000000000000000        0x0 /usr/lib/gcc/i686-linux-gnu/4.6/../../../i386-linux-gnu/crt1.o
 .rel.text.xmalloc_reads
                0x0000000000000000        0x0 /usr/lib/gcc/i686-linux-gnu/4.6/../../../i386-linux-gnu/crt1.o
 .rel.text.xmalloc_read
                0x0000000000000000        0x0 /usr/lib/gcc/i686-linux-gnu/4.6/../../../i386-linux-gnu/crt1.o
 .rel.text.xmalloc_open_read_close
                0x0000000000000000        0x0 /usr/lib/gcc/i686-linux-gnu/4.6/../../../i386-linux-gnu/crt1.o
 .rel.text.run_shell
                0x0000000000000000        0x0 /usr/lib/gcc/i686-linux-gnu/4.6/../../../i386-linux-gnu/crt1.o
 .rel.text.safe_poll
                0x0000000000000000        0x0 /usr/lib/gcc/i686-linux-gnu/4.6/../../../i386-linux-gnu/crt1.o
 .rel.text.safe_strncpy
                0x0000000000000000        0x0 /usr/lib/gcc/i686-linux-gnu/4.6/../../../i386-linux-gnu/crt1.o
 .rel.text.setup_environment
                0x0000000000000000        0x0 /usr/lib/gcc/i686-linux-gnu/4.6/../../../i386-linux-gnu/crt1.o
 .rel.text.record_signo
                0x0000000000000000        0x0 /usr/lib/gcc/i686-linux-gnu/4.6/../../../i386-linux-gnu/crt1.o
 .rel.text.sigaction_set
                0x0000000000000000        0x0 /usr/lib/gcc/i686-linux-gnu/4.6/../../../i386-linux-gnu/crt1.o
 .rel.text.sigprocmask_allsigs
                0x0000000000000000        0x0 /usr/lib/gcc/i686-linux-gnu/4.6/../../../i386-linux-gnu/crt1.o
 .rel.text.bb_signals
                0x0000000000000000        0x0 /usr/lib/gcc/i686-linux-gnu/4.6/../../../i386-linux-gnu/crt1.o
 .rel.text.sig_block
                0x0000000000000000        0x0 /usr/lib/gcc/i686-linux-gnu/4.6/../../../i386-linux-gnu/crt1.o
 .rel.text.sig_unblock
                0x0000000000000000        0x0 /usr/lib/gcc/i686-linux-gnu/4.6/../../../i386-linux-gnu/crt1.o
 .rel.text.wait_for_any_sig
                0x0000000000000000        0x0 /usr/lib/gcc/i686-linux-gnu/4.6/../../../i386-linux-gnu/crt1.o
 .rel.text.kill_myself_with_sig
                0x0000000000000000        0x0 /usr/lib/gcc/i686-linux-gnu/4.6/../../../i386-linux-gnu/crt1.o
 .rel.text.socket_want_pktinfo
                0x0000000000000000        0x0 /usr/lib/gcc/i686-linux-gnu/4.6/../../../i386-linux-gnu/crt1.o
 .rel.text.send_to_from
                0x0000000000000000        0x0 /usr/lib/gcc/i686-linux-gnu/4.6/../../../i386-linux-gnu/crt1.o
 .rel.text.recv_from_to
                0x0000000000000000        0x0 /usr/lib/gcc/i686-linux-gnu/4.6/../../../i386-linux-gnu/crt1.o
 .rel.text.bb_wcstombs
                0x0000000000000000        0x0 /usr/lib/gcc/i686-linux-gnu/4.6/../../../i386-linux-gnu/crt1.o
 .rel.text.bb_iswpunct
                0x0000000000000000        0x0 /usr/lib/gcc/i686-linux-gnu/4.6/../../../i386-linux-gnu/crt1.o
 .rel.text.unicode_strlen
                0x0000000000000000        0x0 /usr/lib/gcc/i686-linux-gnu/4.6/../../../i386-linux-gnu/crt1.o
 .rel.text.unicode_strwidth
                0x0000000000000000        0x0 /usr/lib/gcc/i686-linux-gnu/4.6/../../../i386-linux-gnu/crt1.o
 .rel.text.spawn
                0x0000000000000000        0x0 /usr/lib/gcc/i686-linux-gnu/4.6/../../../i386-linux-gnu/crt1.o
 .rel.text.bb_daemonize_or_rexec
                0x0000000000000000        0x0 /usr/lib/gcc/i686-linux-gnu/4.6/../../../i386-linux-gnu/crt1.o
 .rel.text.fopen_or_warn_stdin
                0x0000000000000000        0x0 /usr/lib/gcc/i686-linux-gnu/4.6/../../../i386-linux-gnu/crt1.o
 .rel.text.xstrtoull_range_sfx
                0x0000000000000000        0x0 /usr/lib/gcc/i686-linux-gnu/4.6/../../../i386-linux-gnu/crt1.o
 .rel.text.xstrtoul_range_sfx
                0x0000000000000000        0x0 /usr/lib/gcc/i686-linux-gnu/4.6/../../../i386-linux-gnu/crt1.o
 .rel.text.sockaddr2str
                0x0000000000000000        0x0 /usr/lib/gcc/i686-linux-gnu/4.6/../../../i386-linux-gnu/crt1.o
 .rel.text.get_lsa
                0x0000000000000000        0x0 /usr/lib/gcc/i686-linux-gnu/4.6/../../../i386-linux-gnu/crt1.o
 .rel.text.setsockopt_reuseaddr
                0x0000000000000000        0x0 /usr/lib/gcc/i686-linux-gnu/4.6/../../../i386-linux-gnu/crt1.o
 .rel.text.setsockopt_broadcast
                0x0000000000000000        0x0 /usr/lib/gcc/i686-linux-gnu/4.6/../../../i386-linux-gnu/crt1.o
 .rel.text.setsockopt_bindtodevice
                0x0000000000000000        0x0 /usr/lib/gcc/i686-linux-gnu/4.6/../../../i386-linux-gnu/crt1.o
 .rel.text.get_sock_lsa
                0x0000000000000000        0x0 /usr/lib/gcc/i686-linux-gnu/4.6/../../../i386-linux-gnu/crt1.o
 .rel.text.get_peer_lsa
                0x0000000000000000        0x0 /usr/lib/gcc/i686-linux-gnu/4.6/../../../i386-linux-gnu/crt1.o
 .rel.text.xconnect
                0x0000000000000000        0x0 /usr/lib/gcc/i686-linux-gnu/4.6/../../../i386-linux-gnu/crt1.o
 .rel.text.bb_lookup_port
                0x0000000000000000        0x0 /usr/lib/gcc/i686-linux-gnu/4.6/../../../i386-linux-gnu/crt1.o
 .rel.text.str2sockaddr
                0x0000000000000000        0x0 /usr/lib/gcc/i686-linux-gnu/4.6/../../../i386-linux-gnu/crt1.o
 .rel.text.create_and_bind_or_die
                0x0000000000000000        0x0 /usr/lib/gcc/i686-linux-gnu/4.6/../../../i386-linux-gnu/crt1.o
 .rel.text.create_and_connect_stream_or_die
                0x0000000000000000        0x0 /usr/lib/gcc/i686-linux-gnu/4.6/../../../i386-linux-gnu/crt1.o
 .rel.text.bb_ask
                0x0000000000000000        0x0 /usr/lib/gcc/i686-linux-gnu/4.6/../../../i386-linux-gnu/crt1.o
 .rel.text.printable_string
                0x0000000000000000        0x0 /usr/lib/gcc/i686-linux-gnu/4.6/../../../i386-linux-gnu/crt1.o
 .rel.text.sse2
                0x0000000000000000        0x0 /usr/lib/gcc/i686-linux-gnu/4.6/../../../i386-linux-gnu/crt1.o
 .rel.text.ssse3
                0x0000000000000000        0x0 /usr/lib/gcc/i686-linux-gnu/4.6/../../../i386-linux-gnu/crt1.o
 .rel.text.sse4.2
                0x0000000000000000        0x0 /usr/lib/gcc/i686-linux-gnu/4.6/../../../i386-linux-gnu/crt1.o
 .rel.text.startup
                0x0000000000000000        0x0 /usr/lib/gcc/i686-linux-gnu/4.6/../../../i386-linux-gnu/crt1.o
 .rel.text.compat
                0x0000000000000000        0x0 /usr/lib/gcc/i686-linux-gnu/4.6/../../../i386-linux-gnu/crt1.o
 .rel.text.unlikely
                0x0000000000000000        0x0 /usr/lib/gcc/i686-linux-gnu/4.6/../../../i386-linux-gnu/crt1.o
 *(SORT(.rel.fini))
 *(SORT(.rel.rodata) SORT(.rel.rodata.*) SORT(.rel.gnu.linkonce.r.*))
 .rel.rodata.applet_main
                0x0000000000000000        0x0 /usr/lib/gcc/i686-linux-gnu/4.6/../../../i386-linux-gnu/crt1.o
 .rel.rodata    0x0000000000000000        0x0 /usr/lib/gcc/i686-linux-gnu/4.6/../../../i386-linux-gnu/crt1.o
 *(SORT(.rel.data.rel.ro*) SORT(.rel.gnu.linkonce.d.rel.ro.*))
 *(SORT(.rel.data) SORT(.rel.data.*) SORT(.rel.gnu.linkonce.d.*))
 .rel.data      0x0000000000000000        0x0 /usr/lib/gcc/i686-linux-gnu/4.6/../../../i386-linux-gnu/crt1.o
 *(SORT(.rel.tdata) SORT(.rel.tdata.*) SORT(.rel.gnu.linkonce.td.*))
 *(SORT(.rel.tbss) SORT(.rel.tbss.*) SORT(.rel.gnu.linkonce.tb.*))
 *(SORT(.rel.ctors))
 *(SORT(.rel.dtors))
 *(SORT(.rel.got))
 .rel.got       0x0000000000000000        0x0 /usr/lib/gcc/i686-linux-gnu/4.6/../../../i386-linux-gnu/crt1.o
 *(SORT(.rel.bss) SORT(.rel.bss.*) SORT(.rel.gnu.linkonce.b.*))
 *(SORT(.rel.ifunc))
 .rel__libc_freeres_fn
                0x0000000000000000        0x0 /usr/lib/gcc/i686-linux-gnu/4.6/../../../i386-linux-gnu/crt1.o
 .rel.eh_frame  0x0000000000000000        0x0 /usr/lib/gcc/i686-linux-gnu/4.6/../../../i386-linux-gnu/crt1.o
 .rel__libc_thread_freeres_fn
                0x0000000000000000        0x0 /usr/lib/gcc/i686-linux-gnu/4.6/../../../i386-linux-gnu/crt1.o

.rel.plt        0x0000000008048138       0xb8
 *(SORT(.rel.plt))
                0x0000000008048138                PROVIDE (__rel_iplt_start, .)
 *(SORT(.rel.iplt))
 .rel.iplt      0x0000000008048138       0xb8 /usr/lib/gcc/i686-linux-gnu/4.6/../../../i386-linux-gnu/crt1.o
                0x00000000080481f0                PROVIDE (__rel_iplt_end, .)

.init           0x00000000080481f0       0x2e
 *(SORT(.init))
 .init          0x00000000080481f0       0x1f /usr/lib/gcc/i686-linux-gnu/4.6/../../../i386-linux-gnu/crti.o
                0x00000000080481f0                _init
 .init          0x000000000804820f        0x5 /usr/lib/gcc/i686-linux-gnu/4.6/crtbeginT.o
 .init          0x0000000008048214        0x5 /usr/lib/gcc/i686-linux-gnu/4.6/crtend.o
 .init          0x0000000008048219        0x5 /usr/lib/gcc/i686-linux-gnu/4.6/../../../i386-linux-gnu/crtn.o

.plt            0x0000000008048220      0x170
 *(SORT(.plt))
 *(SORT(.iplt))
 .iplt          0x0000000008048220      0x170 /usr/lib/gcc/i686-linux-gnu/4.6/../../../i386-linux-gnu/crt1.o

.text           0x0000000008048390    0xa8b49
 *(SORT(.text.unlikely) SORT(.text.*_unlikely))
 .text.unlikely
                0x0000000008048390       0x6c /usr/lib/gcc/i686-linux-gnu/4.6/../../../i386-linux-gnu/libc.a(findlocale.o)
 .text.unlikely
                0x00000000080483fc      0x2a7 /usr/lib/gcc/i686-linux-gnu/4.6/../../../i386-linux-gnu/libc.a(vfprintf.o)
 .text.unlikely
                0x00000000080486a3      0x1d0 /usr/lib/gcc/i686-linux-gnu/4.6/../../../i386-linux-gnu/libc.a(printf_fp.o)
 .text.unlikely
                0x0000000008048873      0x1b7 /usr/lib/gcc/i686-linux-gnu/4.6/../../../i386-linux-gnu/libc.a(vfwprintf.o)
 .text.unlikely
                0x0000000008048a2a      0x223 /usr/lib/gcc/i686-linux-gnu/4.6/../../../i386-linux-gnu/libc.a(dl-load.o)
 *(SORT(.text.exit) SORT(.text.exit.*))
 *fill*         0x0000000008048c4d        0x3 90909090
 .text.exit     0x0000000008048c50       0x13 /usr/lib/gcc/i686-linux-gnu/4.6/../../../i386-linux-gnu/libc.a(sdlerror.o)
 *(SORT(.text.startup) SORT(.text.startup.*))
 *fill*         0x0000000008048c63        0xd 90909090
 .text.startup  0x0000000008048c70      0x228 /usr/lib/gcc/i686-linux-gnu/4.6/../../../i386-linux-gnu/libc.a(cacheinfo.o)
 *(SORT(.text.hot) SORT(.text.hot.*))
 *(SORT(.text) SORT(.stub) SORT(.text.*) SORT(.gnu.linkonce.t.*))
 *fill*         0x0000000008048e98        0x8 90909090
 .text          0x0000000008048ea0       0xb0 /usr/lib/gcc/i686-linux-gnu/4.6/crtbeginT.o
 .text          0x0000000008048f50      0x254 /usr/lib/gcc/i686-linux-gnu/4.6/../../../i386-linux-gnu/libcrypt.a(crypt-entry.o)
                0x0000000008048f50                crypt_r
                0x0000000008048f50                __crypt_r
                0x00000000080490e0                fcrypt
                0x00000000080490e0                crypt
 *fill*         0x00000000080491a4        0xc 90909090
 .text          0x00000000080491b0      0x737 /usr/lib/gcc/i686-linux-gnu/4.6/../../../i386-linux-gnu/libcrypt.a(md5-crypt.o)
                0x0000000008049210                __md5_crypt_r
                0x0000000008049880                __md5_crypt
 *fill*         0x00000000080498e7        0x9 90909090
 .text          0x00000000080498f0      0xb17 /usr/lib/gcc/i686-linux-gnu/4.6/../../../i386-linux-gnu/libcrypt.a(sha256-crypt.o)
                0x0000000008049950                __sha256_crypt_r
                0x000000000804a3a0                __sha256_crypt
 *fill*         0x000000000804a407        0x9 90909090
 .text          0x000000000804a410      0xd57 /usr/lib/gcc/i686-linux-gnu/4.6/../../../i386-linux-gnu/libcrypt.a(sha512-crypt.o)
                0x000000000804a470                __sha512_crypt_r
                0x000000000804b100                __sha512_crypt
 *fill*         0x000000000804b167        0x9 90909090
 .text          0x000000000804b170      0xc3b /usr/lib/gcc/i686-linux-gnu/4.6/../../../i386-linux-gnu/libcrypt.a(crypt_util.o)
                0x000000000804b1a0                __init_des_r
                0x000000000804b640                __init_des
                0x000000000804b660                _ufc_setup_salt_r
                0x000000000804b770                _ufc_mk_keytab_r
                0x000000000804b880                _ufc_dofinalperm_r
                0x000000000804ba50                _ufc_output_conversion_r
                0x000000000804bb50                encrypt_r
                0x000000000804bb50                __encrypt_r
                0x000000000804bd00                encrypt
                0x000000000804bd30                __setkey_r
                0x000000000804bd30                setkey_r
                0x000000000804bd90                setkey
 *fill*         0x000000000804bdab        0x5 90909090
 .text          0x000000000804bdb0      0x16f /usr/lib/gcc/i686-linux-gnu/4.6/../../../i386-linux-gnu/libcrypt.a(crypt.o)
                0x000000000804bdb0                _ufc_doit_r
 *fill*         0x000000000804bf1f        0x1 90909090
 .text          0x000000000804bf20      0xc80 /usr/lib/gcc/i686-linux-gnu/4.6/../../../i386-linux-gnu/libcrypt.a(md5.o)
                0x000000000804bf20                __md5_init_ctx
                0x000000000804bf60                __md5_read_ctx
                0x000000000804bf80                __md5_process_block
                0x000000000804c7e0                __md5_process_bytes
                0x000000000804c940                __md5_finish_ctx
                0x000000000804ca10                __md5_buffer
                0x000000000804ca90                __md5_stream
 .text          0x000000000804cba0      0x4a8 /usr/lib/gcc/i686-linux-gnu/4.6/../../../i386-linux-gnu/libcrypt.a(sha256.o)
                0x000000000804cdf0                __sha256_init_ctx
                0x000000000804ce50                __sha256_finish_ctx
                0x000000000804cf00                __sha256_process_bytes
 *fill*         0x000000000804d048        0x8 90909090
 .text          0x000000000804d050      0x9dc /usr/lib/gcc/i686-linux-gnu/4.6/../../../i386-linux-gnu/libcrypt.a(sha512.o)
                0x000000000804d6c0                __sha512_init_ctx
                0x000000000804d760                __sha512_finish_ctx
                0x000000000804d8c0                __sha512_process_bytes
 *fill*         0x000000000804da2c        0x4 90909090
 .text          0x000000000804da30      0x125 /usr/lib/gcc/i686-linux-gnu/4.6/libgcc.a(_udivdi3.o)
                0x000000000804da30                __udivdi3
 *fill*         0x000000000804db55        0xb 90909090
 .text          0x000000000804db60      0x24f /usr/lib/gcc/i686-linux-gnu/4.6/../../../i386-linux-gnu/libc.a(libc-start.o)
                0x000000000804db60                __libc_start_main
 *fill*         0x000000000804ddaf        0x1 90909090
 .text          0x000000000804ddb0      0x120 /usr/lib/gcc/i686-linux-gnu/4.6/../../../i386-linux-gnu/libc.a(check_fds.o)
                0x000000000804dea0                __libc_check_standard_fds
 .text          0x000000000804ded0      0x29b /usr/lib/gcc/i686-linux-gnu/4.6/../../../i386-linux-gnu/libc.a(libc-tls.o)
                0x000000000804ded0                __libc_setup_tls
                0x000000000804e0f0                _dl_tls_setup
                0x000000000804e150                __pthread_initialize_minimal
 *fill*         0x000000000804e16b        0x5 90909090
 .text          0x000000000804e170      0x12d /usr/lib/gcc/i686-linux-gnu/4.6/../../../i386-linux-gnu/libc.a(elf-init.o)
                0x000000000804e170                __libc_csu_irel
                0x000000000804e1d0                __libc_csu_init
                0x000000000804e270                __libc_csu_fini
 *fill*         0x000000000804e29d        0x3 90909090
 .text          0x000000000804e2a0        0xd /usr/lib/gcc/i686-linux-gnu/4.6/../../../i386-linux-gnu/libc.a(errno-loc.o)
                0x000000000804e2a0                __errno_location
 *fill*         0x000000000804e2ad        0x3 90909090
 .text          0x000000000804e2b0      0x1c7 /usr/lib/gcc/i686-linux-gnu/4.6/../../../i386-linux-gnu/libc.a(assert.o)
                0x000000000804e2b0                __assert_fail_base
                0x000000000804e430                __assert_fail
 *fill*         0x000000000804e477        0x9 90909090
 .text          0x000000000804e480       0x3b /usr/lib/gcc/i686-linux-gnu/4.6/../../../i386-linux-gnu/libc.a(dcgettext.o)
                0x000000000804e480                __dcgettext
                0x000000000804e480                dcgettext
 *fill*         0x000000000804e4bb        0x5 90909090
 .text          0x000000000804e4c0     0x13a5 /usr/lib/gcc/i686-linux-gnu/4.6/../../../i386-linux-gnu/libc.a(dcigettext.o)
                0x000000000804e780                _nl_find_msg
                0x000000000804f120                __dcigettext
 *fill*         0x000000000804f865        0xb 90909090
 .text          0x000000000804f870      0x269 /usr/lib/gcc/i686-linux-gnu/4.6/../../../i386-linux-gnu/libc.a(finddomain.o)
                0x000000000804f870                _nl_find_domain
 *fill*         0x000000000804fad9        0x7 90909090
 .text          0x000000000804fae0     0x1601 /usr/lib/gcc/i686-linux-gnu/4.6/../../../i386-linux-gnu/libc.a(loadmsgcat.o)
                0x000000000804fae0                _nl_load_domain
 *fill*         0x00000000080510e1        0xf 90909090
 .text          0x00000000080510f0      0x5f8 /usr/lib/gcc/i686-linux-gnu/4.6/../../../i386-linux-gnu/libc.a(localealias.o)
                0x00000000080515b0                _nl_expand_alias
 *fill*         0x00000000080516e8        0x8 90909090
 .text          0x00000000080516f0      0x602 /usr/lib/gcc/i686-linux-gnu/4.6/../../../i386-linux-gnu/libc.a(l10nflist.o)
                0x00000000080516f0                _nl_make_l10nflist
                0x0000000008051c10                _nl_normalize_codeset
 *fill*         0x0000000008051cf2        0xe 90909090
 .text          0x0000000008051d00      0x225 /usr/lib/gcc/i686-linux-gnu/4.6/../../../i386-linux-gnu/libc.a(explodename.o)
                0x0000000008051d00                _nl_explode_name
 *fill*         0x0000000008051f25        0xb 90909090
 .text          0x0000000008051f30      0x705 /usr/lib/gcc/i686-linux-gnu/4.6/../../../i386-linux-gnu/libc.a(plural.o)
                0x0000000008051f30                __gettext_free_exp
                0x0000000008052020                __gettextparse
 *fill*         0x0000000008052635        0xb 90909090
 .text          0x0000000008052640       0xee /usr/lib/gcc/i686-linux-gnu/4.6/../../../i386-linux-gnu/libc.a(plural-exp.o)
                0x0000000008052640                __gettext_extract_plural
 *fill*         0x000000000805272e        0x2 90909090
 .text          0x0000000008052730       0x34 /usr/lib/gcc/i686-linux-gnu/4.6/../../../i386-linux-gnu/libc.a(hash-string.o)
                0x0000000008052730                __hash_string
 *fill*         0x0000000008052764        0xc 90909090
 .text          0x0000000008052770       0x36 /usr/lib/gcc/i686-linux-gnu/4.6/../../../i386-linux-gnu/libc.a(bsd-_setjmp.o)
                0x0000000008052770                _setjmp
 *fill*         0x00000000080527a6        0xa 90909090
 .text          0x00000000080527b0       0xc7 /usr/lib/gcc/i686-linux-gnu/4.6/../../../i386-linux-gnu/libc.a(signal.o)
                0x00000000080527b0                __bsd_signal
                0x00000000080527b0                ssignal
                0x00000000080527b0                bsd_signal
                0x00000000080527b0                signal
 *fill*         0x0000000008052877        0x9 90909090
 .text          0x0000000008052880       0x6b /usr/lib/gcc/i686-linux-gnu/4.6/../../../i386-linux-gnu/libc.a(raise.o)
                0x0000000008052880                gsignal
                0x0000000008052880                raise
 *fill*         0x00000000080528eb        0x5 90909090
 .text          0x00000000080528f0      0x18f /usr/lib/gcc/i686-linux-gnu/4.6/../../../i386-linux-gnu/libc.a(sigaction.o)
                0x0000000008052900                __libc_sigaction
                0x0000000008052a40                sigaction
                0x0000000008052a40                __sigaction
 *fill*         0x0000000008052a7f        0x1 90909090
 .text          0x0000000008052a80       0xa7 /usr/lib/gcc/i686-linux-gnu/4.6/../../../i386-linux-gnu/libc.a(sigprocmask.o)
                0x0000000008052a80                __sigprocmask
                0x0000000008052a80                sigprocmask
 *fill*         0x0000000008052b27        0x9 90909090
 .text          0x0000000008052b30       0xc5 /usr/lib/gcc/i686-linux-gnu/4.6/../../../i386-linux-gnu/libc.a(sigsuspend.o)
                0x0000000008052b30                __sigsuspend
                0x0000000008052b30                __libc_sigsuspend
                0x0000000008052b30                sigsuspend
                0x0000000008052bc0                __sigsuspend_nocancel
 *fill*         0x0000000008052bf5        0xb 90909090
 .text          0x0000000008052c00       0x8a /usr/lib/gcc/i686-linux-gnu/4.6/../../../i386-linux-gnu/libc.a(sigempty.o)
                0x0000000008052c00                sigemptyset
 *fill*         0x0000000008052c8a        0x6 90909090
 .text          0x0000000008052c90       0x9a /usr/lib/gcc/i686-linux-gnu/4.6/../../../i386-linux-gnu/libc.a(sigfillset.o)
                0x0000000008052c90                sigfillset
 *fill*         0x0000000008052d2a        0x6 90909090
 .text          0x0000000008052d30       0x4a /usr/lib/gcc/i686-linux-gnu/4.6/../../../i386-linux-gnu/libc.a(sigaddset.o)
                0x0000000008052d30                sigaddset
 *fill*         0x0000000008052d7a        0x6 90909090
 .text          0x0000000008052d80       0x23 /usr/lib/gcc/i686-linux-gnu/4.6/../../../i386-linux-gnu/libc.a(atoi.o)
                0x0000000008052d80                atoi
 *fill*         0x0000000008052da3        0xd 90909090
 .text          0x0000000008052db0      0x23a /usr/lib/gcc/i686-linux-gnu/4.6/../../../i386-linux-gnu/libc.a(abort.o)
                0x0000000008052db0                abort
 *fill*         0x0000000008052fea        0x6 90909090
 .text          0x0000000008052ff0       0x58 /usr/lib/gcc/i686-linux-gnu/4.6/../../../i386-linux-gnu/libc.a(bsearch.o)
                0x0000000008052ff0                bsearch
 *fill*         0x0000000008053048        0x8 90909090
 .text          0x0000000008053050      0x653 /usr/lib/gcc/i686-linux-gnu/4.6/../../../i386-linux-gnu/libc.a(msort.o)
                0x0000000008053380                qsort_r
                0x0000000008053670                qsort
 *fill*         0x00000000080536a3        0xd 90909090
 .text          0x00000000080536b0       0xcb /usr/lib/gcc/i686-linux-gnu/4.6/../../../i386-linux-gnu/libc.a(getenv.o)
                0x00000000080536b0                getenv
 *fill*         0x000000000805377b        0x5 90909090
 .text          0x0000000008053780      0x660 /usr/lib/gcc/i686-linux-gnu/4.6/../../../i386-linux-gnu/libc.a(setenv.o)
                0x0000000008053780                __add_to_environ
                0x0000000008053b90                setenv
                0x0000000008053b90                __setenv
                0x0000000008053c00                unsetenv
                0x0000000008053c00                __unsetenv
                0x0000000008053cf0                clearenv
                0x0000000008053cf0                __clearenv
 .text          0x0000000008053de0      0x10f /usr/lib/gcc/i686-linux-gnu/4.6/../../../i386-linux-gnu/libc.a(exit.o)
                0x0000000008053de0                __run_exit_handlers
                0x0000000008053ed0                exit
 *fill*         0x0000000008053eef        0x1 90909090
 .text          0x0000000008053ef0      0x1db /usr/lib/gcc/i686-linux-gnu/4.6/../../../i386-linux-gnu/libc.a(cxa_atexit.o)
                0x0000000008053ef0                __new_exitfn
                0x0000000008054030                __internal_atexit
                0x0000000008054080                __cxa_atexit
 *fill*         0x00000000080540cb        0x5 90909090
 .text          0x00000000080540d0      0x222 /usr/lib/gcc/i686-linux-gnu/4.6/../../../i386-linux-gnu/libc.a(random.o)
                0x00000000080540d0                __srandom
                0x00000000080540d0                srand
                0x00000000080540d0                srandom
                0x0000000008054130                __initstate
                0x0000000008054130                initstate
                0x00000000080541a0                setstate
                0x00000000080541a0                __setstate
                0x0000000008054220                random
                0x0000000008054220                __random
 *fill*         0x00000000080542f2        0xe 90909090
 .text          0x0000000008054300      0x3d5 /usr/lib/gcc/i686-linux-gnu/4.6/../../../i386-linux-gnu/libc.a(random_r.o)
                0x0000000008054300                __setstate_r
                0x0000000008054300                setstate_r
                0x0000000008054400                random_r
                0x0000000008054400                __random_r
                0x00000000080544b0                srandom_r
                0x00000000080544b0                __srandom_r
                0x0000000008054590                __initstate_r
                0x0000000008054590                initstate_r
 *fill*         0x00000000080546d5        0xb 90909090
 .text          0x00000000080546e0        0x5 /usr/lib/gcc/i686-linux-gnu/4.6/../../../i386-linux-gnu/libc.a(rand.o)
                0x00000000080546e0                rand
 *fill*         0x00000000080546e5        0xb 90909090
 .text          0x00000000080546f0       0x7e /usr/lib/gcc/i686-linux-gnu/4.6/../../../i386-linux-gnu/libc.a(strtol.o)
                0x00000000080546f0                __strtol_internal
                0x0000000008054730                strtol
 *fill*         0x000000000805476e        0x2 90909090
 .text          0x0000000008054770       0x7e /usr/lib/gcc/i686-linux-gnu/4.6/../../../i386-linux-gnu/libc.a(strtoul.o)
                0x0000000008054770                __strtoul_internal
                0x00000000080547b0                strtoul
 *fill*         0x00000000080547ee        0x2 90909090
 .text          0x00000000080547f0       0x7e /usr/lib/gcc/i686-linux-gnu/4.6/../../../i386-linux-gnu/libc.a(strtoll.o)
                0x00000000080547f0                __strtoll_internal
                0x0000000008054830                strtoll
                0x0000000008054830                strtoq
 *fill*         0x000000000805486e        0x2 90909090
 .text          0x0000000008054870       0x7e /usr/lib/gcc/i686-linux-gnu/4.6/../../../i386-linux-gnu/libc.a(strtoull.o)
                0x0000000008054870                __strtoull_internal
                0x00000000080548b0                strtoull
                0x00000000080548b0                strtouq
 *fill*         0x00000000080548ee        0x2 90909090
 .text          0x00000000080548f0      0x4e3 /usr/lib/gcc/i686-linux-gnu/4.6/../../../i386-linux-gnu/libc.a(strtol_l.o)
                0x00000000080548f0                ____strtol_l_internal
                0x0000000008054da0                strtol_l
                0x0000000008054da0                __strtol_l
 *fill*         0x0000000008054dd3        0xd 90909090
 .text          0x0000000008054de0      0x4c3 /usr/lib/gcc/i686-linux-gnu/4.6/../../../i386-linux-gnu/libc.a(strtoul_l.o)
                0x0000000008054de0                ____strtoul_l_internal
                0x0000000008055270                strtoul_l
                0x0000000008055270                __strtoul_l
 *fill*         0x00000000080552a3        0xd 90909090
 .text          0x00000000080552b0      0x703 /usr/lib/gcc/i686-linux-gnu/4.6/../../../i386-linux-gnu/libc.a(strtoll_l.o)
                0x00000000080552b0                ____strtoll_l_internal
                0x0000000008055980                strtoll_l
                0x0000000008055980                __strtoll_l
 *fill*         0x00000000080559b3        0xd 90909090
 .text          0x00000000080559c0      0x723 /usr/lib/gcc/i686-linux-gnu/4.6/../../../i386-linux-gnu/libc.a(strtoull_l.o)
                0x00000000080559c0                ____strtoull_l_internal
                0x00000000080560b0                __strtoull_l
                0x00000000080560b0                strtoull_l
 *fill*         0x00000000080560e3        0xd 90909090
 .text          0x00000000080560f0      0x4eb /usr/lib/gcc/i686-linux-gnu/4.6/../../../i386-linux-gnu/libc.a(canonicalize.o)
                0x00000000080560f0                realpath
                0x00000000080560f0                __realpath
                0x00000000080565c0                __canonicalize_file_name
                0x00000000080565c0                canonicalize_file_name
 *fill*         0x00000000080565db        0x5 90909090
 .text          0x00000000080565e0      0x28c /usr/lib/gcc/i686-linux-gnu/4.6/../../../i386-linux-gnu/libc.a(grouping.o)
                0x00000000080565e0                __correctly_grouped_prefixmb
 *fill*         0x000000000805686c        0x4 90909090
 .text          0x0000000008056870       0x2b /usr/lib/gcc/i686-linux-gnu/4.6/../../../i386-linux-gnu/libc.a(snprintf.o)
                0x0000000008056870                snprintf
                0x0000000008056870                __snprintf
 *fill*         0x000000000805689b        0x5 90909090
 .text          0x00000000080568a0       0x23 /usr/lib/gcc/i686-linux-gnu/4.6/../../../i386-linux-gnu/libc.a(asprintf.o)
                0x00000000080568a0                __asprintf
                0x00000000080568a0                asprintf
                0x00000000080568a0                ___asprintf
 *fill*         0x00000000080568c3        0xd 90909090
 .text          0x00000000080568d0       0x23 /usr/lib/gcc/i686-linux-gnu/4.6/../../../i386-linux-gnu/libc.a(sscanf.o)
                0x00000000080568d0                __sscanf
                0x00000000080568d0                sscanf
                0x00000000080568d0                _IO_sscanf
 *fill*         0x00000000080568f3        0xd 90909090
 .text          0x0000000008056900       0x2b /usr/lib/gcc/i686-linux-gnu/4.6/../../../i386-linux-gnu/libc.a(getline.o)
                0x0000000008056900                __getline
                0x0000000008056900                getline
 *fill*         0x000000000805692b        0x5 90909090
 .text          0x0000000008056930       0x23 /usr/lib/gcc/i686-linux-gnu/4.6/../../../i386-linux-gnu/libc.a(rename.o)
                0x0000000008056930                rename
 *fill*         0x0000000008056953        0xd 90909090
 .text          0x0000000008056960       0xc7 /usr/lib/gcc/i686-linux-gnu/4.6/../../../i386-linux-gnu/libc.a(fxprintf.o)
                0x0000000008056960                __fxprintf
 *fill*         0x0000000008056a27        0x9 90909090
 .text          0x0000000008056a30      0x1f2 /usr/lib/gcc/i686-linux-gnu/4.6/../../../i386-linux-gnu/libc.a(iofclose.o)
                0x0000000008056a30                _IO_fclose
                0x0000000008056a30                _IO_new_fclose
                0x0000000008056a30                fclose
                0x0000000008056a30                __new_fclose
 *fill*         0x0000000008056c22        0xe 90909090
 .text          0x0000000008056c30      0x27e /usr/lib/gcc/i686-linux-gnu/4.6/../../../i386-linux-gnu/libc.a(iofdopen.o)
                0x0000000008056c30                __new_fdopen
                0x0000000008056c30                _IO_new_fdopen
                0x0000000008056c30                _IO_fdopen
                0x0000000008056c30                fdopen
 *fill*         0x0000000008056eae        0x2 90909090
 .text          0x0000000008056eb0       0xf8 /usr/lib/gcc/i686-linux-gnu/4.6/../../../i386-linux-gnu/libc.a(iofflush.o)
                0x0000000008056eb0                _IO_fflush
                0x0000000008056eb0                fflush
 *fill*         0x0000000008056fa8        0x8 90909090
 .text          0x0000000008056fb0      0x133 /usr/lib/gcc/i686-linux-gnu/4.6/../../../i386-linux-gnu/libc.a(iofopen.o)
                0x0000000008056fb0                __fopen_maybe_mmap
                0x0000000008056ff0                __fopen_internal
                0x00000000080570c0                _IO_new_fopen
                0x00000000080570c0                fopen
                0x00000000080570c0                _IO_fopen
                0x00000000080570c0                __new_fopen
 *fill*         0x00000000080570e3        0xd 90909090
 .text          0x00000000080570f0      0x13a /usr/lib/gcc/i686-linux-gnu/4.6/../../../i386-linux-gnu/libc.a(iofread.o)
                0x00000000080570f0                _IO_fread
                0x00000000080570f0                fread
 *fill*         0x000000000805722a        0x6 90909090
 .text          0x0000000008057230      0x290 /usr/lib/gcc/i686-linux-gnu/4.6/../../../i386-linux-gnu/libc.a(iogetdelim.o)
                0x0000000008057230                __getdelim
                0x0000000008057230                getdelim
                0x0000000008057230                _IO_getdelim
 .text          0x00000000080574c0      0x180 /usr/lib/gcc/i686-linux-gnu/4.6/../../../i386-linux-gnu/libc.a(ioputs.o)
                0x00000000080574c0                puts
                0x00000000080574c0                _IO_puts
 .text          0x0000000008057640       0x97 /usr/lib/gcc/i686-linux-gnu/4.6/../../../i386-linux-gnu/libc.a(iovsscanf.o)
                0x0000000008057640                vsscanf
                0x0000000008057640                __vsscanf
                0x0000000008057640                _IO_vsscanf
 *fill*         0x00000000080576d7        0x9 90909090
 .text          0x00000000080576e0       0x23 /usr/lib/gcc/i686-linux-gnu/4.6/../../../i386-linux-gnu/libc.a(iofopen64.o)
                0x00000000080576e0                _IO_fopen64
                0x00000000080576e0                fopen64
 *fill*         0x0000000008057703        0xd 90909090
 .text          0x0000000008057710       0x35 /usr/lib/gcc/i686-linux-gnu/4.6/../../../i386-linux-gnu/libc.a(putchar_u.o)
                0x0000000008057710                putchar_unlocked
 *fill*         0x0000000008057745        0xb 90909090
 .text          0x0000000008057750       0xc5 /usr/lib/gcc/i686-linux-gnu/4.6/../../../i386-linux-gnu/libc.a(feof.o)
                0x0000000008057750                feof
                0x0000000008057750                _IO_feof
 *fill*         0x0000000008057815        0xb 90909090
 .text          0x0000000008057820       0xc5 /usr/lib/gcc/i686-linux-gnu/4.6/../../../i386-linux-gnu/libc.a(ferror.o)
                0x0000000008057820                _IO_ferror
                0x0000000008057820                ferror
 *fill*         0x00000000080578e5        0xb 90909090
 .text          0x00000000080578f0       0x31 /usr/lib/gcc/i686-linux-gnu/4.6/../../../i386-linux-gnu/libc.a(fileno.o)
                0x00000000080578f0                fileno_unlocked
                0x00000000080578f0                fileno
 *fill*         0x0000000008057921        0xf 90909090
 .text          0x0000000008057930      0x19a /usr/lib/gcc/i686-linux-gnu/4.6/../../../i386-linux-gnu/libc.a(vasprintf.o)
                0x0000000008057930                _IO_vasprintf
                0x0000000008057930                vasprintf
 *fill*         0x0000000008057aca        0x6 90909090
 .text          0x0000000008057ad0      0x160 /usr/lib/gcc/i686-linux-gnu/4.6/../../../i386-linux-gnu/libc.a(vsnprintf.o)
                0x0000000008057b40                vsnprintf
                0x0000000008057b40                _IO_vsnprintf
                0x0000000008057b40                __vsnprintf
 .text          0x0000000008057c30        0x5 /usr/lib/gcc/i686-linux-gnu/4.6/../../../i386-linux-gnu/libc.a(fcloseall.o)
                0x0000000008057c30                __fcloseall
                0x0000000008057c30                fcloseall
 *fill*         0x0000000008057c35        0xb 90909090
 .text          0x0000000008057c40      0x3b2 /usr/lib/gcc/i686-linux-gnu/4.6/../../../i386-linux-gnu/libc.a(libc_fatal.o)
                0x0000000008057c40                __libc_message
                0x0000000008057fd0                __libc_fatal
 *fill*         0x0000000008057ff2        0xe 90909090
 .text          0x0000000008058000       0xc1 /usr/lib/gcc/i686-linux-gnu/4.6/../../../i386-linux-gnu/libc.a(iofgets_u.o)
                0x0000000008058000                fgets_unlocked
 *fill*         0x00000000080580c1        0xf 90909090
 .text          0x00000000080580d0       0x7a /usr/lib/gcc/i686-linux-gnu/4.6/../../../i386-linux-gnu/libc.a(iofputs_u.o)
                0x00000000080580d0                fputs_unlocked
 *fill*         0x000000000805814a        0x6 90909090
 .text          0x0000000008058150     0x136e /usr/lib/gcc/i686-linux-gnu/4.6/../../../i386-linux-gnu/libc.a(wfileops.o)
                0x0000000008058150                _IO_wfile_seekoff
                0x0000000008058740                _IO_wfile_underflow
                0x0000000008058e20                _IO_wdo_write
                0x0000000008058f50                _IO_wfile_xsputn
                0x00000000080590e0                _IO_wfile_sync
                0x0000000008059250                _IO_wfile_overflow
 *fill*         0x00000000080594be        0x2 90909090
 .text          0x00000000080594c0     0x224d /usr/lib/gcc/i686-linux-gnu/4.6/../../../i386-linux-gnu/libc.a(fileops.o)
                0x00000000080595d0                _IO_file_seek
                0x0000000008059800                _IO_file_underflow_maybe_mmap
                0x0000000008059ba0                _IO_file_xsgetn
                0x0000000008059ea0                _IO_file_write
                0x0000000008059ea0                _IO_new_file_write
                0x0000000008059f20                _IO_file_close
                0x0000000008059f30                _IO_file_close_mmap
                0x0000000008059f70                _IO_file_stat
                0x0000000008059fa0                _IO_file_seekoff
                0x0000000008059fa0                _IO_new_file_seekoff
                0x000000000805a4f0                _IO_file_setbuf
                0x000000000805a4f0                _IO_new_file_setbuf
                0x000000000805a540                _IO_file_setbuf_mmap
                0x000000000805a5a0                _IO_file_seekoff_mmap
                0x000000000805a700                _IO_file_underflow_mmap
                0x000000000805a750                _IO_new_file_xsputn
                0x000000000805a750                _IO_file_xsputn
                0x000000000805a920                _IO_file_read
                0x000000000805a960                _IO_new_file_init
                0x000000000805a960                _IO_file_init
                0x000000000805a990                _IO_file_open
                0x000000000805aa90                _IO_new_file_attach
                0x000000000805aa90                _IO_file_attach
                0x000000000805ab40                _IO_new_do_write
                0x000000000805ab40                _IO_do_write
                0x000000000805ab70                _IO_file_sync
                0x000000000805ab70                _IO_new_file_sync
                0x000000000805ac50                _IO_file_finish
                0x000000000805ac50                _IO_new_file_finish
                0x000000000805acd0                _IO_new_file_close_it
                0x000000000805acd0                _IO_file_close_it
                0x000000000805ae60                _IO_new_file_fopen
                0x000000000805ae60                _IO_file_fopen
                0x000000000805b2c0                _IO_file_underflow
                0x000000000805b2c0                _IO_new_file_underflow
                0x000000000805b4f0                _IO_file_overflow
                0x000000000805b4f0                _IO_new_file_overflow
 *fill*         0x000000000805b70d        0x3 90909090
 .text          0x000000000805b710     0x1b17 /usr/lib/gcc/i686-linux-gnu/4.6/../../../i386-linux-gnu/libc.a(genops.o)
                0x000000000805b940                _IO_un_link
                0x000000000805bb30                _IO_link_in
                0x000000000805bd20                _IO_least_marker
                0x000000000805bd50                _IO_switch_to_main_get_area
                0x000000000805bd80                _IO_switch_to_backup_area
                0x000000000805bdb0                _IO_switch_to_get_mode
                0x000000000805be20                _IO_free_backup_area
                0x000000000805be80                __overflow
                0x000000000805beb0                __underflow
                0x000000000805bf80                __uflow
                0x000000000805c050                _IO_setb
                0x000000000805c0b0                _IO_doallocbuf
                0x000000000805c110                _IO_default_underflow
                0x000000000805c120                _IO_default_uflow
                0x000000000805c160                _IO_default_xsputn
                0x000000000805c210                _IO_sgetn
                0x000000000805c220                _IO_default_xsgetn
                0x000000000805c2b0                _IO_default_setbuf
                0x000000000805c370                _IO_default_seekpos
                0x000000000805c3b0                _IO_default_doallocate
                0x000000000805c420                _IO_old_init
                0x000000000805c4c0                _IO_no_init
                0x000000000805c570                _IO_init
                0x000000000805c5b0                _IO_default_sync
                0x000000000805c5c0                _IO_default_finish
                0x000000000805c640                _IO_default_seekoff
                0x000000000805c650                _IO_sputbackc
                0x000000000805c6a0                _IO_sungetc
                0x000000000805c6f0                _IO_adjust_column
                0x000000000805c730                _IO_flush_all_lockp
                0x000000000805c960                _IO_cleanup
                0x000000000805cac0                _IO_flush_all
                0x000000000805cae0                _IO_flush_all_linebuffered
                0x000000000805cae0                _flushlbf
                0x000000000805ccd0                _IO_init_marker
                0x000000000805cd30                _IO_remove_marker
                0x000000000805cd60                _IO_marker_difference
                0x000000000805cd70                _IO_marker_delta
                0x000000000805cda0                _IO_seekmark
                0x000000000805ce30                _IO_unsave_markers
                0x000000000805ce60                _IO_default_pbackfail
                0x000000000805cfc0                _IO_default_seek
                0x000000000805cfd0                _IO_default_stat
                0x000000000805cfe0                _IO_default_read
                0x000000000805cff0                _IO_default_write
                0x000000000805d000                _IO_default_showmanyc
                0x000000000805d010                _IO_default_imbue
                0x000000000805d020                _IO_iter_begin
                0x000000000805d030                _IO_iter_end
                0x000000000805d040                _IO_iter_next
                0x000000000805d050                _IO_iter_file
                0x000000000805d060                _IO_list_lock
                0x000000000805d0a0                _IO_list_unlock
                0x000000000805d0e0                _IO_list_resetlock
 *fill*         0x000000000805d227        0x9 90909090
 .text          0x000000000805d230      0x762 /usr/lib/gcc/i686-linux-gnu/4.6/../../../i386-linux-gnu/libc.a(strops.o)
                0x000000000805d230                _IO_str_underflow
                0x000000000805d280                _IO_str_finish
                0x000000000805d2c0                _IO_str_pbackfail
                0x000000000805d2f0                _IO_str_overflow
                0x000000000805d640                _IO_str_seekoff
                0x000000000805d870                _IO_str_init_static_internal
                0x000000000805d920                _IO_str_init_static
                0x000000000805d940                _IO_str_init_readonly
                0x000000000805d980                _IO_str_count
 *fill*         0x000000000805d992        0xe 90909090
 .text          0x000000000805d9a0     0x641f /usr/lib/gcc/i686-linux-gnu/4.6/../../../i386-linux-gnu/libc.a(malloc.o)
                0x0000000008061600                __malloc_check_init
                0x0000000008061bc0                malloc_set_state
                0x0000000008061bc0                __malloc_set_state
                0x0000000008062000                malloc
                0x0000000008062000                __malloc
                0x0000000008062000                __libc_malloc
                0x00000000080622c0                malloc_get_state
                0x00000000080622c0                __malloc_get_state
                0x0000000008062470                __cfree
                0x0000000008062470                __free
                0x0000000008062470                __libc_free
                0x0000000008062470                cfree
                0x0000000008062470                free
                0x0000000008062500                __libc_realloc
                0x0000000008062500                realloc
                0x0000000008062500                __realloc
                0x00000000080627d0                __libc_memalign
                0x00000000080627d0                __memalign
                0x00000000080627d0                memalign
                0x0000000008062a80                __libc_valloc
                0x0000000008062a80                valloc
                0x0000000008062a80                __valloc
                0x0000000008062ce0                pvalloc
                0x0000000008062ce0                __libc_pvalloc
                0x0000000008062ce0                __pvalloc
                0x0000000008062f60                __calloc
                0x0000000008062f60                calloc
                0x0000000008062f60                __libc_calloc
                0x00000000080632e0                __malloc_trim
                0x00000000080632e0                malloc_trim
                0x0000000008063540                malloc_usable_size
                0x0000000008063540                __malloc_usable_size
                0x0000000008063580                malloc_stats
                0x0000000008063580                __malloc_stats
                0x0000000008063730                __mallinfo
                0x0000000008063730                __libc_mallinfo
                0x0000000008063730                mallinfo
                0x00000000080637a0                __libc_mallopt
                0x00000000080637a0                mallopt
                0x00000000080637a0                __mallopt
                0x00000000080637b0                __posix_memalign
                0x00000000080637b0                posix_memalign
                0x0000000008063830                malloc_info
 *fill*         0x0000000008063dbf        0x1 90909090
 .text          0x0000000008063dc0       0x1e /usr/lib/gcc/i686-linux-gnu/4.6/../../../i386-linux-gnu/libc.a(morecore.o)
                0x0000000008063dc0                __default_morecore
 *fill*         0x0000000008063dde        0x2 90909090
 .text          0x0000000008063de0      0x20e /usr/lib/gcc/i686-linux-gnu/4.6/../../../i386-linux-gnu/libc.a(strchr.o)
                0x0000000008063de0                index
                0x0000000008063de0                strchr
                0x0000000008063e30                __GI_strchr
                0x0000000008063e30                __strchr_ia32
 *fill*         0x0000000008063fee        0x2 90909090
 .gnu.linkonce.t.__i686.get_pc_thunk.bx
                0x0000000008063ff0        0x4 /usr/lib/gcc/i686-linux-gnu/4.6/../../../i386-linux-gnu/libc.a(strchr.o)
                0x0000000008063ff0                __i686.get_pc_thunk.bx
 *fill*         0x0000000008063ff4        0xc 90909090
 .text          0x0000000008064000       0x65 /usr/lib/gcc/i686-linux-gnu/4.6/../../../i386-linux-gnu/libc.a(strcmp.o)
                0x0000000008064000                strcmp
 *fill*         0x0000000008064065        0xb 90909090
 .text          0x0000000008064070       0xdb /usr/lib/gcc/i686-linux-gnu/4.6/../../../i386-linux-gnu/libc.a(strcpy.o)
                0x0000000008064070                strcpy
 *fill*         0x000000000806414b        0x5 90909090
 .text          0x0000000008064150       0xde /usr/lib/gcc/i686-linux-gnu/4.6/../../../i386-linux-gnu/libc.a(strcspn.o)
                0x0000000008064150                strcspn
                0x0000000008064180                __strcspn_ia32
                0x0000000008064180                __GI_strcspn
 *fill*         0x000000000806422e        0x2 90909090
 .text          0x0000000008064230       0x46 /usr/lib/gcc/i686-linux-gnu/4.6/../../../i386-linux-gnu/libc.a(strdup.o)
                0x0000000008064230                __strdup
                0x0000000008064230                strdup
 *fill*         0x0000000008064276        0xa 90909090
 .text          0x0000000008064280       0xb3 /usr/lib/gcc/i686-linux-gnu/4.6/../../../i386-linux-gnu/libc.a(strerror.o)
                0x0000000008064280                strerror
 *fill*         0x0000000008064333        0xd 90909090
 .text          0x0000000008064340      0x1ac /usr/lib/gcc/i686-linux-gnu/4.6/../../../i386-linux-gnu/libc.a(_strerror.o)
                0x0000000008064340                __strerror_r
                0x0000000008064340                strerror_r
 *fill*         0x00000000080644ec        0x4 90909090
 .text          0x00000000080644f0       0xbb /usr/lib/gcc/i686-linux-gnu/4.6/../../../i386-linux-gnu/libc.a(strlen.o)
                0x00000000080644f0                strlen
 *fill*         0x00000000080645ab        0x5 90909090
 .text          0x00000000080645b0       0x45 /usr/lib/gcc/i686-linux-gnu/4.6/../../../i386-linux-gnu/libc.a(strncpy.o)
                0x00000000080645b0                strncpy
 *fill*         0x00000000080645f5        0xb 90909090
 .text          0x0000000008064600      0x209 /usr/lib/gcc/i686-linux-gnu/4.6/../../../i386-linux-gnu/libc.a(strrchr.o)
                0x0000000008064600                strrchr
                0x0000000008064600                rindex
                0x0000000008064650                __GI_strrchr
                0x0000000008064650                __strrchr_ia32
 *fill*         0x0000000008064809        0x7 90909090
 .text          0x0000000008064810       0xb3 /usr/lib/gcc/i686-linux-gnu/4.6/../../../i386-linux-gnu/libc.a(strpbrk.o)
                0x0000000008064810                strpbrk
 *fill*         0x00000000080648c3        0xd 90909090
 .text          0x00000000080648d0       0xde /usr/lib/gcc/i686-linux-gnu/4.6/../../../i386-linux-gnu/libc.a(strspn.o)
                0x00000000080648d0                strspn
                0x0000000008064900                __strspn_ia32
                0x0000000008064900                __GI_strspn
 *fill*         0x00000000080649ae        0x2 90909090
 .text          0x00000000080649b0      0x1eb /usr/lib/gcc/i686-linux-gnu/4.6/../../../i386-linux-gnu/libc.a(memchr.o)
                0x00000000080649b0                memchr
                0x00000000080649b0                __memchr
                0x00000000080649b0                __ubp_memchr
                0x0000000008064a00                __GI_memchr
                0x0000000008064a00                __memchr_ia32
 *fill*         0x0000000008064b9b        0x5 90909090
 .text          0x0000000008064ba0      0x313 /usr/lib/gcc/i686-linux-gnu/4.6/../../../i386-linux-gnu/libc.a(memcmp.o)
                0x0000000008064ba0                bcmp
                0x0000000008064ba0                memcmp
 *fill*         0x0000000008064eb3        0xd 90909090
 .text          0x0000000008064ec0       0x98 /usr/lib/gcc/i686-linux-gnu/4.6/../../../i386-linux-gnu/libc.a(memmove.o)
                0x0000000008064ec0                memmove
                0x0000000008064f00                __memmove_ia32
 *fill*         0x0000000008064f58        0x8 90909090
 .text          0x0000000008064f60       0x83 /usr/lib/gcc/i686-linux-gnu/4.6/../../../i386-linux-gnu/libc.a(memset.o)
                0x0000000008064f60                memset
                0x0000000008064fa0                __memset_ia32
 *fill*         0x0000000008064fe3        0xd 90909090
 .text          0x0000000008064ff0       0x22 /usr/lib/gcc/i686-linux-gnu/4.6/../../../i386-linux-gnu/libc.a(mempcpy.o)
                0x0000000008064ff0                mempcpy
                0x0000000008064ff0                __mempcpy
 *fill*         0x0000000008065012        0xe 90909090
 .text          0x0000000008065020       0xdf /usr/lib/gcc/i686-linux-gnu/4.6/../../../i386-linux-gnu/libc.a(stpcpy.o)
                0x0000000008065020                stpcpy
                0x0000000008065020                __stpcpy
 *fill*         0x00000000080650ff        0x1 90909090
 .text          0x0000000008065100       0xe1 /usr/lib/gcc/i686-linux-gnu/4.6/../../../i386-linux-gnu/libc.a(stpncpy.o)
                0x0000000008065100                stpncpy
                0x0000000008065100                __stpncpy
 *fill*         0x00000000080651e1        0xf 90909090
 .text          0x00000000080651f0       0x27 /usr/lib/gcc/i686-linux-gnu/4.6/../../../i386-linux-gnu/libc.a(strcasecmp.o)
                0x00000000080651f0                strcasecmp
                0x00000000080651f0                __strcasecmp
 *fill*         0x0000000008065217        0x9 90909090
 .text          0x0000000008065220       0x65 /usr/lib/gcc/i686-linux-gnu/4.6/../../../i386-linux-gnu/libc.a(strcasecmp_l.o)
                0x0000000008065220                strcasecmp_l
                0x0000000008065220                __strcasecmp_l
 *fill*         0x0000000008065285        0xb 90909090
 .text          0x0000000008065290       0x65 /usr/lib/gcc/i686-linux-gnu/4.6/../../../i386-linux-gnu/libc.a(memcpy.o)
                0x0000000008065290                memcpy
 *fill*         0x00000000080652f5        0xb 90909090
 .text          0x0000000008065300       0x8c /usr/lib/gcc/i686-linux-gnu/4.6/../../../i386-linux-gnu/libc.a(strsep.o)
                0x0000000008065300                __strsep
                0x0000000008065300                strsep
                0x0000000008065300                __strsep_g
 *fill*         0x000000000806538c        0x4 90909090
 .text          0x0000000008065390      0x116 /usr/lib/gcc/i686-linux-gnu/4.6/../../../i386-linux-gnu/libc.a(rawmemchr.o)
                0x0000000008065390                __rawmemchr
                0x0000000008065390                rawmemchr
                0x00000000080653e0                __GI___rawmemchr
                0x00000000080653e0                __rawmemchr_ia32
 *fill*         0x00000000080654a6        0xa 90909090
 .text          0x00000000080654b0      0x15f /usr/lib/gcc/i686-linux-gnu/4.6/../../../i386-linux-gnu/libc.a(strchrnul.o)
                0x00000000080654b0                __strchrnul
                0x00000000080654b0                strchrnul
 *fill*         0x000000000806560f        0x1 90909090
 .text          0x0000000008065610       0x36 /usr/lib/gcc/i686-linux-gnu/4.6/../../../i386-linux-gnu/libc.a(argz-count.o)
                0x0000000008065610                argz_count
                0x0000000008065610                __argz_count
 *fill*         0x0000000008065646        0xa 90909090
 .text          0x0000000008065650       0x40 /usr/lib/gcc/i686-linux-gnu/4.6/../../../i386-linux-gnu/libc.a(argz-stringify.o)
                0x0000000008065650                argz_stringify
                0x0000000008065650                __argz_stringify
 .text.sse2     0x0000000008065690      0x607 /usr/lib/gcc/i686-linux-gnu/4.6/../../../i386-linux-gnu/libc.a(memset-sse2.o)
                0x0000000008065690                __memset_sse2
 *fill*         0x0000000008065c97        0x9 90909090
 .text.ssse3    0x0000000008065ca0     0x1551 /usr/lib/gcc/i686-linux-gnu/4.6/../../../i386-linux-gnu/libc.a(memmove-ssse3.o)
                0x0000000008065ca0                __memmove_chk_ssse3
                0x0000000008065cb0                __memmove_ssse3
 *fill*         0x00000000080671f1        0xf 90909090
 .text.ssse3    0x0000000008067200     0x10c1 /usr/lib/gcc/i686-linux-gnu/4.6/../../../i386-linux-gnu/libc.a(memmove-ssse3-rep.o)
                0x0000000008067200                __memmove_chk_ssse3_rep
                0x0000000008067210                __memmove_ssse3_rep
 *fill*         0x00000000080682c1        0xf 90909090
 .text.sse2     0x00000000080682d0      0x537 /usr/lib/gcc/i686-linux-gnu/4.6/../../../i386-linux-gnu/libc.a(memset-sse2-rep.o)
                0x00000000080682d0                __memset_sse2_rep
 *fill*         0x0000000008068807        0x9 90909090
 .text.ssse3    0x0000000008068810     0x146d /usr/lib/gcc/i686-linux-gnu/4.6/../../../i386-linux-gnu/libc.a(strcmp-ssse3.o)
                0x0000000008068810                __strcmp_ssse3
 *fill*         0x0000000008069c7d        0x3 90909090
 .text.sse4.2   0x0000000008069c80      0x28b /usr/lib/gcc/i686-linux-gnu/4.6/../../../i386-linux-gnu/libc.a(strcmp-sse4.o)
                0x0000000008069c80                __strcmp_sse4_2
 *fill*         0x0000000008069f0b        0x5 90909090
 .text          0x0000000008069f10       0xdb /usr/lib/gcc/i686-linux-gnu/4.6/../../../i386-linux-gnu/libc.a(strncmp-c.o)
                0x0000000008069f10                strncmp
 *fill*         0x0000000008069feb        0x5 90909090
 .text.atom     0x0000000008069ff0     0x16ab /usr/lib/gcc/i686-linux-gnu/4.6/../../../i386-linux-gnu/libc.a(memcmp-ssse3.o)
                0x0000000008069ff0                __memcmp_ssse3
 *fill*         0x000000000806b69b        0x5 90909090
 .text.sse4.2   0x000000000806b6a0      0xb81 /usr/lib/gcc/i686-linux-gnu/4.6/../../../i386-linux-gnu/libc.a(memcmp-sse4.o)
                0x000000000806b6a0                __memcmp_sse4_2
 *fill*         0x000000000806c221        0xf 90909090
 .text          0x000000000806c230       0xbc /usr/lib/gcc/i686-linux-gnu/4.6/../../../i386-linux-gnu/libc.a(strncpy-c.o)
                0x000000000806c230                __strncpy_ia32
 *fill*         0x000000000806c2ec        0x4 90909090
 .text          0x000000000806c2f0     0x184b /usr/lib/gcc/i686-linux-gnu/4.6/../../../i386-linux-gnu/libc.a(strcpy-ssse3.o)
                0x000000000806c2f0                __strcpy_ssse3
 *fill*         0x000000000806db3b        0x5 90909090
 .text          0x000000000806db40     0x2b68 /usr/lib/gcc/i686-linux-gnu/4.6/../../../i386-linux-gnu/libc.a(strncpy-ssse3.o)
                0x000000000806db40                __strncpy_ssse3
 *fill*         0x00000000080706a8        0x8 90909090
 .text          0x00000000080706b0     0x186c /usr/lib/gcc/i686-linux-gnu/4.6/../../../i386-linux-gnu/libc.a(stpcpy-ssse3.o)
                0x00000000080706b0                __stpcpy_ssse3
 *fill*         0x0000000008071f1c        0x4 90909090
 .text          0x0000000008071f20     0x2c6f /usr/lib/gcc/i686-linux-gnu/4.6/../../../i386-linux-gnu/libc.a(stpncpy-ssse3.o)
                0x0000000008071f20                __stpncpy_ssse3
 *fill*         0x0000000008074b8f        0x1 90909090
 .text          0x0000000008074b90      0x5e5 /usr/lib/gcc/i686-linux-gnu/4.6/../../../i386-linux-gnu/libc.a(strcpy-sse2.o)
                0x0000000008074b90                __strcpy_sse2
 *fill*         0x0000000008075175        0xb 90909090
 .text          0x0000000008075180      0xfb0 /usr/lib/gcc/i686-linux-gnu/4.6/../../../i386-linux-gnu/libc.a(strncpy-sse2.o)
                0x0000000008075180                __strncpy_sse2
 .text          0x0000000008076130      0x606 /usr/lib/gcc/i686-linux-gnu/4.6/../../../i386-linux-gnu/libc.a(stpcpy-sse2.o)
                0x0000000008076130                __stpcpy_sse2
 *fill*         0x0000000008076736        0xa 90909090
 .text          0x0000000008076740     0x1070 /usr/lib/gcc/i686-linux-gnu/4.6/../../../i386-linux-gnu/libc.a(stpncpy-sse2.o)
                0x0000000008076740                __stpncpy_sse2
 .text.atom     0x00000000080777b0      0x3d4 /usr/lib/gcc/i686-linux-gnu/4.6/../../../i386-linux-gnu/libc.a(strchr-sse2.o)
                0x00000000080777b0                __strchr_sse2
 *fill*         0x0000000008077b84        0xc 90909090
 .text.atom     0x0000000008077b90      0x62f /usr/lib/gcc/i686-linux-gnu/4.6/../../../i386-linux-gnu/libc.a(strrchr-sse2.o)
                0x0000000008077b90                __strrchr_sse2
 *fill*         0x00000000080781bf        0x1 90909090
 .text          0x00000000080781c0      0x104 /usr/lib/gcc/i686-linux-gnu/4.6/../../../i386-linux-gnu/libc.a(strchr-sse2-bsf.o)
                0x00000000080781c0                __strchr_sse2_bsf
 *fill*         0x00000000080782c4        0xc 90909090
 .text          0x00000000080782d0      0x1e6 /usr/lib/gcc/i686-linux-gnu/4.6/../../../i386-linux-gnu/libc.a(strrchr-sse2-bsf.o)
                0x00000000080782d0                __strrchr_sse2_bsf
 *fill*         0x00000000080784b6        0xa 90909090
 .text.atom     0x00000000080784c0      0x564 /usr/lib/gcc/i686-linux-gnu/4.6/../../../i386-linux-gnu/libc.a(memchr-sse2.o)
                0x00000000080784c0                __memchr_sse2
 *fill*         0x0000000008078a24        0xc 90909090
 .text          0x0000000008078a30      0x344 /usr/lib/gcc/i686-linux-gnu/4.6/../../../i386-linux-gnu/libc.a(memchr-sse2-bsf.o)
                0x0000000008078a30                __memchr_sse2_bsf
 *fill*         0x0000000008078d74        0xc 90909090
 .text.atom     0x0000000008078d80      0x313 /usr/lib/gcc/i686-linux-gnu/4.6/../../../i386-linux-gnu/libc.a(rawmemchr-sse2.o)
                0x0000000008078d80                __rawmemchr_sse2
 *fill*         0x0000000008079093        0xd 90909090
 .text          0x00000000080790a0      0x213 /usr/lib/gcc/i686-linux-gnu/4.6/../../../i386-linux-gnu/libc.a(rawmemchr-sse2-bsf.o)
                0x00000000080790a0                __rawmemchr_sse2_bsf
 *fill*         0x00000000080792b3        0xd 90909090
 .text          0x00000000080792c0       0x6a /usr/lib/gcc/i686-linux-gnu/4.6/../../../i386-linux-gnu/libc.a(strcasecmp-c.o)
                0x00000000080792c0                __strcasecmp_ia32
                0x00000000080792c0                __strcasecmp_nonascii
                0x00000000080792c0                __GI___strcasecmp
 *fill*         0x000000000807932a        0x6 90909090
 .text.ssse3    0x0000000008079330     0x24e0 /usr/lib/gcc/i686-linux-gnu/4.6/../../../i386-linux-gnu/libc.a(strcasecmp_l-ssse3.o)
                0x0000000008079330                __strcasecmp_ssse3
                0x0000000008079350                __strcasecmp_l_ssse3
 .text.sse4.2   0x000000000807b810      0x4c6 /usr/lib/gcc/i686-linux-gnu/4.6/../../../i386-linux-gnu/libc.a(strcasecmp_l-sse4.o)
                0x000000000807b810                __strcasecmp_sse4_2
                0x000000000807b830                __strcasecmp_l_sse4_2
 *fill*         0x000000000807bcd6        0xa 90909090
 .text.sse4.2   0x000000000807bce0      0x12a /usr/lib/gcc/i686-linux-gnu/4.6/../../../i386-linux-gnu/libc.a(strcspn-c.o)
                0x000000000807bce0                __strcspn_sse42
 *fill*         0x000000000807be0a        0x6 90909090
 .text.sse4.2   0x000000000807be10       0xfa /usr/lib/gcc/i686-linux-gnu/4.6/../../../i386-linux-gnu/libc.a(strspn-c.o)
                0x000000000807be10                __strspn_sse42
 *fill*         0x000000000807bf0a        0x6 90909090
 .text          0x000000000807bf10      0x89f /usr/lib/gcc/i686-linux-gnu/4.6/../../../i386-linux-gnu/libc.a(strstr-c.o)
                0x000000000807c400                __strstr_ia32
                0x000000000807c780                strstr
 *fill*         0x000000000807c7af        0x1 90909090
 .text          0x000000000807c7b0      0x5c9 /usr/lib/gcc/i686-linux-gnu/4.6/../../../i386-linux-gnu/libc.a(cacheinfo.o)
                0x000000000807cd20                __cache_sysconf
 *fill*         0x000000000807cd79        0x7 90909090
 .text          0x000000000807cd80        0xa /usr/lib/gcc/i686-linux-gnu/4.6/../../../i386-linux-gnu/libc.a(wmempcpy.o)
                0x000000000807cd80                wmempcpy
                0x000000000807cd80                __wmempcpy
 *fill*         0x000000000807cd8a        0x6 90909090
 .text          0x000000000807cd90      0x35b /usr/lib/gcc/i686-linux-gnu/4.6/../../../i386-linux-gnu/libc.a(wcsmbsload.o)
                0x000000000807cd90                _nl_cleanup_ctype
                0x000000000807cdd0                __wcsmbs_getfct
                0x000000000807ce30                __wcsmbs_load_conv
                0x000000000807d000                __wcsmbs_clone_conv
                0x000000000807d070                __wcsmbs_named_conv
 *fill*         0x000000000807d0eb        0x5 90909090
 .text          0x000000000807d0f0       0x53 /usr/lib/gcc/i686-linux-gnu/4.6/../../../i386-linux-gnu/libc.a(localtime.o)
                0x000000000807d0f0                __localtime_r
                0x000000000807d0f0                localtime_r
                0x000000000807d120                localtime
 *fill*         0x000000000807d143        0xd 90909090
 .text          0x000000000807d150      0x748 /usr/lib/gcc/i686-linux-gnu/4.6/../../../i386-linux-gnu/libc.a(mktime.o)
                0x000000000807d350                __mktime_internal
                0x000000000807d870                mktime
                0x000000000807d870                timelocal
 *fill*         0x000000000807d898        0x8 90909090
 .text          0x000000000807d8a0       0x1a /usr/lib/gcc/i686-linux-gnu/4.6/../../../i386-linux-gnu/libc.a(time.o)
                0x000000000807d8a0                time
 *fill*         0x000000000807d8ba        0x6 90909090
 .text          0x000000000807d8c0       0x23 /usr/lib/gcc/i686-linux-gnu/4.6/../../../i386-linux-gnu/libc.a(gettimeofday.o)
                0x000000000807d8c0                __gettimeofday_internal
                0x000000000807d8c0                __gettimeofday
                0x000000000807d8c0                gettimeofday
 *fill*         0x000000000807d8e3        0xd 90909090
 .text          0x000000000807d8f0      0xeff /usr/lib/gcc/i686-linux-gnu/4.6/../../../i386-linux-gnu/libc.a(tzset.o)
                0x000000000807dc20                __tzstring
                0x000000000807dcd0                __tzset_parse_tz
                0x000000000807e4e0                __tzname_max
                0x000000000807e530                __tz_compute
                0x000000000807e5d0                __tzset
                0x000000000807e5d0                tzset
                0x000000000807e640                __tz_convert
 *fill*         0x000000000807e7ef        0x1 90909090
 .text          0x000000000807e7f0     0x136e /usr/lib/gcc/i686-linux-gnu/4.6/../../../i386-linux-gnu/libc.a(tzfile.o)
                0x000000000807e7f0                __tzfile_read
                0x000000000807f3c0                __tzfile_default
                0x000000000807f5a0                __tzfile_compute
 *fill*         0x000000000807fb5e        0x2 90909090
 .text          0x000000000807fb60       0x35 /usr/lib/gcc/i686-linux-gnu/4.6/../../../i386-linux-gnu/libc.a(strptime.o)
                0x000000000807fb60                strptime
 *fill*         0x000000000807fb95        0xb 90909090
 .text          0x000000000807fba0     0x301a /usr/lib/gcc/i686-linux-gnu/4.6/../../../i386-linux-gnu/libc.a(strptime_l.o)
                0x000000000807fca0                __strptime_internal
                0x0000000008082b90                strptime_l
                0x0000000008082b90                __strptime_l
 *fill*         0x0000000008082bba        0x6 90909090
 .text          0x0000000008082bc0       0x3e /usr/lib/gcc/i686-linux-gnu/4.6/../../../i386-linux-gnu/libc.a(strftime.o)
                0x0000000008082bc0                strftime
 *fill*         0x0000000008082bfe        0x2 90909090
 .text          0x0000000008082c00     0x1a84 /usr/lib/gcc/i686-linux-gnu/4.6/../../../i386-linux-gnu/libc.a(strftime_l.o)
                0x0000000008084650                __strftime_l
                0x0000000008084650                strftime_l
 *fill*         0x0000000008084684        0xc 90909090
 .text          0x0000000008084690      0x33d /usr/lib/gcc/i686-linux-gnu/4.6/../../../i386-linux-gnu/libc.a(alt_digit.o)
                0x0000000008084730                _nl_get_alt_digit
                0x00000000080847d0                _nl_get_walt_digit
                0x00000000080848d0                _nl_parse_alt_digit
 *fill*         0x00000000080849cd        0x3 90909090
 .text          0x00000000080849d0      0x402 /usr/lib/gcc/i686-linux-gnu/4.6/../../../i386-linux-gnu/libc.a(era.o)
                0x0000000008084c10                _nl_get_era_entry
                0x0000000008084d80                _nl_select_era_entry
 *fill*         0x0000000008084dd2        0xe 90909090
 .text          0x0000000008084de0       0x46 /usr/lib/gcc/i686-linux-gnu/4.6/../../../i386-linux-gnu/libc.a(lc-time-cleanup.o)
                0x0000000008084de0                _nl_cleanup_time
 *fill*         0x0000000008084e26        0xa 90909090
 .text          0x0000000008084e30      0x17e /usr/lib/gcc/i686-linux-gnu/4.6/../../../i386-linux-gnu/libc.a(opendir.o)
                0x0000000008084e30                __alloc_dir
                0x0000000008084f40                __opendirat
                0x0000000008084fa0                __opendir
                0x0000000008084fa0                opendir
 *fill*         0x0000000008084fae        0x2 90909090